{
  "version": "diskgraph 0.3.0",
  "platform": "win32",
  "files": 20000,
  "indexed_nodes": 20001,
  "queries": 32,
  "concurrent_clients": 4,
  "fixture_workers": 1,
  "fixture_seconds": 21.77,
  "scan_seconds": 71.186,
  "cleanup_seconds": 17.812,
  "cleanup_workers": 1,
  "query_p50_ms": 93.688,
  "query_p95_ms": 121.929,
  "database_and_wal_bytes": 54996992,
  "passed": 6,
  "total": 6,
  "checks": {
    "full_index_published": true,
    "exact_fixture_path_coverage": true,
    "exact_fixture_node_coverage": true,
    "concurrent_reads_bound_to_revision": true,
    "query_results_bounded": true,
    "node_budget_refuses_partial_publish": true
  }
}
