    Finished `test` profile [unoptimized + debuginfo] target(s) in 0.21s
     Running unittests src/lib.rs (target/debug/deps/diskgraph_engine-1d042a518dc74750)

running 246 tests
test live_evidence::git_command_context_tests::path_switch_child ... ok
test live_evidence::git_config_policy_tests::fscache_boolean_values_are_preserved_and_unknown_core_is_rejected ... ok
test live_evidence::git_cleanup_tests::primary_error_is_retained_when_cleanup_succeeds ... ok
test live_evidence::git_cleanup_tests::explicit_completion_removes_private_data_before_success ... ok
test live_evidence::git_cleanup_tests::moved_private_directory_uses_actual_platform_recovery ... ok
test live_evidence::git_directory_tests::directory_capture_rejects_relative_parent_and_regular_file_paths ... ok
test live_evidence::git_directory_tests::directory_capture_rejects_leaf_and_parent_links_without_canonicalizing ... ok
test live_evidence::git_directory_tests::directory_capture_does_not_exceed_name_bytes_or_entry_quota ... ok
test live_evidence::git_directory_tests::directory_names_preserve_non_utf8_native_bytes ... ok
test live_evidence::git_directory_tests::directory_operations_honor_preexisting_cancellation ... ok
test live_evidence::git_directory_tests::directory_identity_replacement_cannot_pass_same_name_verification ... ok
test live_evidence::git_directory_tests::directory_names_are_sorted_leaf_components_and_charge_each_entry ... ok
test live_evidence::git_directory_tests::directory_parent_replacement_is_detected_with_original_leaf_inode ... ok
test live_evidence::git_directory_tests::directory_verification_honors_later_cancellation ... ok
test live_evidence::git_directory_tests::directory_unchanged_verification_and_missing_name_proof ... ok
test live_evidence::git_directory_tests::private_directory_is_unique_absolute_and_removed_on_drop ... ok
test live_evidence::git_directory_tests::private_directory_permissions_do_not_admit_other_users ... ok
test live_evidence::git_divergence::tests::complete_pairs_accept_zero_and_u64_boundaries_without_dropping_stderr ... ok
test live_evidence::git_divergence::tests::incomplete_ambiguous_and_overflowing_pairs_are_rejected ... ok
test live_evidence::git_divergence::tests::original_execution_failure_is_preserved ... ok
test live_evidence::git_divergence::tests::divergence_uses_one_walk_and_keeps_head_then_upstream_direction ... ok
test live_evidence::git_empty_configuration_tests::cancellation_during_native_parsing_prevents_merging_returned_fields ... ok
test live_evidence::git_empty_configuration_tests::captured_empty_configuration_never_starts_a_parser ... ok
test live_evidence::git_empty_configuration_tests::empty_configuration_cannot_bypass_original_expiry_or_cancellation ... ok
test live_evidence::git_empty_configuration_tests::native_failure_and_unsupported_configuration_are_not_empty_success ... ok
test live_evidence::git_empty_configuration_tests::whitespace_and_nonempty_configuration_keep_native_parsing_and_layer_order ... ok
test live_evidence::git_directory_tests::directory_records_do_not_accumulate_open_descriptors ... ok
test live_evidence::git_executable_native_tests::native_shadow_child_fixture ... ignored, parent runs this exact isolated native PATH/cwd fixture
test live_evidence::git_empty_configuration_tests::native_git_empty_file_matches_the_captured_fast_path ... ok
test live_evidence::git_execution_policy_tests::promisor_helper_fixture ... ok
test live_evidence::git_config_policy_tests::fscache_replay_preserves_layer_order_for_real_git ... ok
test live_evidence::git_execution_policy_tests::promisor_missing_head_does_not_invoke_a_remote_helper ... ok
test live_evidence::git_indexed_windows_identity_tests::captured_windows_directory_identity_does_not_require_regular_file_size_alignment ... ok
test live_evidence::git_indexed_windows_identity_tests::windows_directory_identity_refuses_reparse_and_materialization_attributes ... ok
test live_evidence::git_indexed_windows_identity_tests::windows_identity_rejects_non_directory_pending_delete_and_invalid_capture ... ok
test live_evidence::git_input_read_tests::cancelled_native_input_does_not_read_or_charge ... ok
test live_evidence::git_input_read_tests::metadata_exact_limit_empty_and_shrunk_files_keep_complete_semantics ... ok
test live_evidence::git_input_read_tests::metadata_growth_never_reads_beyond_the_initial_length_or_remaining_bytes ... ok
test live_evidence::git_input_read_tests::metadata_known_over_limit_is_refused_before_reading ... ok
test live_evidence::git_input_read_tests::metadata_zero_length_growth_does_not_read_body ... ok
test live_evidence::git_input_read_tests::reflog_exact_limit_and_empty_file_use_only_actual_input ... ok
test live_evidence::git_input_read_tests::reflog_known_over_limit_is_refused_before_reading_any_body ... ok
test live_evidence::git_input_read_tests::reflog_preflight_failure_cannot_become_success_on_a_later_empty_input ... ok
test live_evidence::git_execution_policy_tests::clean_stat_refresh_does_not_rewrite_the_git_index ... ok

thread 'live_evidence::git_indexed_identity_tests::indexed_git_directory_replacement_cannot_be_sampled_as_the_original_node' (6578047) panicked at crates/diskgraph-engine/src/live_evidence/git_indexed_identity_tests.rs:28:6:
called `Result::unwrap()` on an `Err` value: Business(Unsupported)
note: run with `RUST_BACKTRACE=1` environment variable to display a backtrace
test live_evidence::git_indexed_identity_tests::indexed_git_directory_replacement_cannot_be_sampled_as_the_original_node ... FAILED
test live_evidence::git_isolation_semantics_tests::config_native_case_alias_is_rejected_without_changing_sensitive_volume_semantics ... ok
test live_evidence::git_cleanup_tests::primary_error_preserves_cleanup_failure_diagnostic ... ok
test live_evidence::git_isolation_semantics_tests::builtin_crlf_normalization_is_kept_without_external_filters ... ok
test live_evidence::git_command_context_tests::changing_to_the_worktree_cannot_select_a_repository_git_program ... ok
test live_evidence::git_isolation_semantics_tests::configured_rename_count_is_not_silently_changed_by_dropping_config ... ok
test live_evidence::git_cleanup_tests::successful_public_sample_refuses_unremoved_private_source ... ok
test live_evidence::git_isolation_semantics_tests::core_filemode_false_does_not_turn_a_clean_file_into_dirty ... ok
test live_evidence::git_isolation_semantics_tests::index_native_case_alias_is_rejected_without_changing_sensitive_volume_semantics ... ok
test live_evidence::git_isolation_semantics_tests::info_exclude_patterns_are_preserved_in_untracked_counts ... ok
test live_evidence::git_isolation_semantics_tests::racy_index_same_size_change_with_restored_mtime_remains_dirty ... ok
test live_evidence::git_isolation_semantics_tests::shallow_boundary_is_preserved_in_the_private_view ... ok
test live_evidence::git_isolation_semantics_tests::linked_worktree_keeps_its_own_head_index_and_the_common_stash ... ok
test live_evidence::git_isolation_tests::fixture_commit_does_not_start_background_maintenance ... ok
test live_evidence::git_isolation_semantics_tests::sha256_format_and_tracking_counts_are_preserved_without_skipping_capability ... ok
test live_evidence::git_isolation_tests::script_writer_fixture ... ok
test live_evidence::git_isolation_semantics_tests::ordinary_dirty_stash_and_upstream_match_real_git_without_source_writes ... ok
test live_evidence::git_isolation_tests::gitlink_without_gitmodules_is_unsupported_instead_of_clean ... ok
test live_evidence::git_isolation_tests::split_index_is_explicitly_unsupported ... ok
test live_evidence::git_executable_native_tests::native_repository_git_shadow_is_not_selected_after_worktree_switch ... ok
test live_evidence::git_callback_tests::native_process_filter_positive_control_is_not_started_by_public_sampling ... ok
test live_evidence::git_metadata_tests::extended_flags_reserved_bit_is_rejected_with_valid_checksum ... ok
test live_evidence::git_metadata_tests::file_change_and_missing_parent_do_not_verify_as_stable ... ok
test live_evidence::git_isolation_tests::split_index_sampling_does_not_refresh_shared_source_metadata ... ok
test live_evidence::git_callback_tests::native_same_size_private_index_rewrite_is_not_a_complete_public_sample ... ok
test live_evidence::git_metadata_tests::index_rejects_git_metadata_path_with_valid_checksum ... ok
test live_evidence::git_callback_tests::native_applied_clean_filter_is_unsupported_without_executing_the_callback ... ok
test live_evidence::git_metadata_tests::index_v4_varint_prefix_over_127_bytes_is_bounded ... ok
test live_evidence::git_metadata_tests::links_and_fifo_are_refused_without_blocking ... ok
test live_evidence::git_metadata_tests::metadata_budget_is_independent_of_probe_pipe_output ... ok
test live_evidence::git_metadata_tests::metadata_capture_observes_cancellation ... ok
test live_evidence::git_metadata_tests::native_file_capture_and_verify_share_the_byte_budget ... ok
test live_evidence::git_metadata_tests::git_index_v2_v4_and_compatible_v3_layout_are_preflighted ... ok
test live_evidence::git_metadata_tests::same_bytes_with_changed_native_version_are_rejected ... ok
test live_evidence::git_isolation_tests::source_metadata_is_unchanged_on_success_budget_failure_and_precancel ... ok
test live_evidence::git_callback_tests::native_fsmonitor_positive_control_does_not_execute_during_public_sampling ... ok
test live_evidence::git_metadata_tests::index_checksum_corruption_is_rejected_for_sha1_and_sha256 ... ok
test live_evidence::git_native_path_tests::a_parent_step_cannot_erase_an_unverified_path_component ... ok
test live_evidence::git_native_path_tests::leading_parents_of_a_verified_worktree_directory_remain_supported ... ok
test live_evidence::git_metadata_tests::sha256_git_index_uses_full_oid_width ... ok
test live_evidence::git_metadata_tests::unsupported_index_mode_and_extension_are_rejected ... ok
test live_evidence::git_isolation_tests::unknown_optional_index_cache_is_unsupported_instead_of_clean ... ok
test live_evidence::git_object_database_tests::ignored_sidecar_type_queries_do_not_follow_a_replaced_parent ... ok
test live_evidence::git_metadata_tests::private_git_view_rejects_checksum_corruption_before_status ... ok
test live_evidence::git_metadata_tests::assume_valid_bit_preserves_git_status_semantics_in_private_view ... ok
test live_evidence::git_object_database_tests::captured_loose_content_changes_are_detected_at_the_terminal_guard ... ok
test live_evidence::git_config_policy_tests::native_fscache_preserves_dirty_stash_and_tracking_without_source_writes ... ok
test live_evidence::git_object_database_tests::known_object_accelerators_are_not_private_git_inputs ... ok
test live_evidence::git_object_database_tests::loose_links_are_rejected_before_git_can_open_a_foreign_file ... ok
test live_evidence::git_isolation_tests::applied_clean_filter_is_rejected_without_executing_or_guessing_clean ... ok
test live_evidence::git_object_resources_tests::resource_child_fixture ... ignored, 仅由四个真实子宿主回归以隔离临时根调用
test live_evidence::git_object_database_tests::oversized_alternates_are_rejected_without_parsing_the_source_file ... ok
test live_evidence::git_object_database_tests::late_alternate_is_not_a_git_input_and_source_change_is_rejected ... ok
test live_evidence::git_object_database_tests::unknown_loose_names_are_not_normalized_or_ignored ... ok
test live_evidence::git_object_database_tests::unreferenced_loose_objects_cannot_escape_the_shared_byte_budget ... ok
test live_evidence::git_output::tests::commit_counts_accept_only_complete_decimal_u64 ... ok
test live_evidence::git_output::tests::object_ids_accept_both_hash_widths_and_reject_fake_values ... ok
test live_evidence::git_output::tests::reference_line_preserves_spaces_and_refuses_lossy_bytes ... ok
test live_evidence::git_output::tests::stash_requires_complete_oid_lines ... ok
test live_evidence::git_output::tests::status_accepts_only_the_seven_unmerged_xy_pairs ... ok
test live_evidence::git_output::tests::status_rejects_bad_codes_and_incomplete_nul_fields ... ok
test live_evidence::git_output::tests::status_uses_native_paths_and_one_count_per_rename ... ok
test live_evidence::git_output::tests::success_requires_zero_exit_and_empty_stderr ... ok
test live_evidence::git_private_capacity_tests::changed_registered_file_identity_cannot_be_truncated ... ok
test live_evidence::git_private_capacity_tests::existing_directory_creation_does_not_adopt_a_replacement_identity ... ok
test live_evidence::git_private_capacity_tests::failed_write_keeps_its_diagnostic_and_private_owner_is_cleaned ... ok
test live_evidence::git_private_capacity_tests::final_verification_rejects_unregistered_data_and_changed_allocation ... ok
test live_evidence::git_private_capacity_tests::many_short_files_refuse_reported_allocation_before_logical_bytes_exhaust_the_quota ... ok
test live_evidence::git_private_capacity_tests::modified_time_is_set_through_the_registered_handle_and_unknown_files_stay_unchanged ... ok
test live_evidence::git_private_capacity_tests::native_allocation_observation_is_not_apparent_file_length ... ok
test live_evidence::git_private_capacity_tests::owned_overwrites_replace_the_existing_allocation_charge ... ok
test live_evidence::git_private_capacity_tests::real_volume_capacity_cannot_meet_larger_required_headroom ... ok
test live_evidence::git_private_capacity_tests::substituted_parent_symlink_does_not_write_outside_the_owner ... ok
test live_evidence::git_private_capacity_tests::unknown_files_and_outside_paths_are_never_overwritten ... ok
test live_evidence::git_private_capacity_tests::unknown_native_volume_query_is_not_reported_as_unlimited_space ... ok
test live_evidence::git_object_resources_tests::sampler_object_copy_allocation_failure_removes_private_data ... ok
test live_evidence::git_private_directory_owner_tests::foreign_replacement_is_retained_until_original_directory_returns ... ok
test live_evidence::git_private_directory_owner_tests::moved_original_directory_is_not_complete_when_original_path_is_missing ... ok
test live_evidence::git_private_integrity_tests::cleanup_refuses_a_foreign_directory_that_replaced_the_registered_root ... ok
test live_evidence::git_private_integrity_tests::private_index_mutation_fixture ... ok
test live_evidence::git_isolation_tests::fsmonitor_positive_control_cannot_execute_during_sampling ... ok
test live_evidence::git_product_tests::original_claim_deadline_and_cancellation_cannot_restart_in_product_session ... ok
test live_evidence::git_reference_verification_tests::different_branch_is_validated_and_rejected_while_changed_oid_is_not_cached ... ok
test live_evidence::git_reference_verification_tests::fresh_observations_do_not_share_validation_and_unborn_conflicts_are_rechecked ... ok
test live_evidence::git_object_database_tests::ignored_object_sidecars_do_not_hide_links ... ok
test live_evidence::git_reference_verification_tests::reference_syntax_rejects_each_ascii_control_and_keeps_unicode_bytes ... ok
test live_evidence::git_reference_verification_tests::resolved_upstream_commit_does_not_launch_a_redundant_existence_query ... ok
test live_evidence::git_reference_verification_tests::same_verified_branch_reuses_only_syntax_and_reads_both_identity_fields_again ... ok
test live_evidence::git_reference_verification_tests::terminal_native_failure_and_invalid_new_branch_keep_original_errors ... ok
test live_evidence::git_reference_verification_tests::unborn_checks_reference_existence_twice_and_detached_reads_head_twice ... ok
test live_evidence::git_reference_verification_tests::unresolved_upstream_still_distinguishes_missing_and_damaged_references ... ok
test live_evidence::git_reference_verification_tests::upstream_resolution_resource_failure_is_not_reclassified_as_absence ... ok
test live_evidence::git_isolation_tests::process_filter_positive_control_is_rejected_before_starting_the_driver ... ok
test live_evidence::git_object_resources_tests::sampler_object_copy_input_failure_removes_private_data ... ok
test live_evidence::git_resource_tests::signal_fixture_writer ... ok
test live_evidence::git_object_resources_tests::sampler_preparation_resource_failure_removes_private_data ... ok
test live_evidence::git_object_database_tests::orphan_pack_and_promisor_markers_are_explicitly_rejected ... ok
test live_evidence::git_resource_tests::git_head_and_upstream_resource_errors_cannot_be_missing_references ... ok
test live_evidence::git_scope_boundary_tests::explicit_scope_root_never_discovers_an_ancestor_repository ... ok
test live_evidence::git_reference_verification_tests::pure_reference_syntax_matches_actual_git_for_all_default_rules ... ok
test live_evidence::git_scope_boundary_tests::explicit_scope_root_rejects_gitfile_to_external_metadata ... ok
test live_evidence::git_scope_boundary_tests::explicit_scope_root_rejects_external_attributes_file ... ok
test live_evidence::git_object_resources_tests::sampler_terminal_input_failure_removes_private_data ... ok
test live_evidence::git_metadata_tests::index_tracks_more_entries_than_metadata_file_limit ... ok
test live_evidence::git_scope_boundary_tests::explicit_scope_root_rejects_external_excludes_file ... ok
test live_evidence::git_scope_boundary_tests::nested_untracked_gitfile_cannot_introduce_another_repository_source ... ok
test live_evidence::git_scope_boundary_tests::registered_root_open_restores_thread_hydration_policy_on_success_and_error ... ok
test live_evidence::git_scope_boundary_tests::scoped_source_symbolic_link_is_rejected_without_reading_target_body ... ok
test live_evidence::git_scope_boundary_tests::in_scope_gitdir_does_not_authorize_an_external_common_directory ... ok
test live_evidence::git_object_database_tests::source_alternates_and_recursive_foreign_objects_are_rejected ... ok
test live_evidence::git_scope_boundary_tests::renamed_registered_root_invalidates_terminal_capture_with_nested_project ... ok
test live_evidence::git_scope_boundary_tests::replaced_registered_root_ancestor_rejects_terminal_without_reopening_source ... ok
test live_evidence::git_scope_boundary_tests::unrelated_ancestor_sibling_activity_keeps_registered_route_valid ... ok
test live_evidence::git_scope_boundary_tests::registered_parent_maps_absolute_attributes_and_excludes_dependencies ... ok
test live_evidence::git_object_database_tests::packed_sha1_and_sha256_keep_status_stash_and_upstream_without_source_writes ... ok
test live_evidence::git_private_integrity_tests::same_allocation_private_index_mutation_cannot_be_a_successful_public_sample ... ok
test live_evidence::git_scoped_semantics_tests::scoped_builtin_crlf_and_attributes_keep_clean_status ... ok
test live_evidence::git_scoped_semantics_tests::scoped_filemode_retains_observed_executable_bit_change ... ok
test live_evidence::git_scope_boundary_tests::registered_parent_allows_linked_worktree_and_absolute_common_dependency ... ok
test live_evidence::git_scoped_semantics_tests::scoped_private_files_keep_high_precision_mtime_after_writers_close ... ok
test live_evidence::git_scoped_semantics_tests::scoped_racy_index_keeps_same_size_rewritten_content_dirty ... ok
test live_evidence::git_semantics_tests::corrupt_current_branch_is_an_error_not_an_unborn_repository ... ok
test live_evidence::git_semantics_tests::committed_repository_counts_untracked_files_not_directory_display_rows ... ok
test live_evidence::git_resource_tests::head_and_upstream_signal_death_stop_the_entire_sample ... ok
test live_evidence::git_semantics_tests::corrupt_stash_is_an_error_not_zero_stashes ... ok
test live_evidence::git_scoped_semantics_tests::scoped_unborn_staged_and_untracked_files_keep_status_records ... ok
test live_evidence::git_semantics_tests::fixture_writer ... ok
test live_evidence::git_scoped_semantics_tests::scoped_private_executable_mode_and_fixed_status_match_source_observation ... ok
test live_evidence::git_semantics_tests::corrupt_upstream_is_an_error_not_missing_configuration ... ok
test live_evidence::git_semantics_tests::detached_head_keeps_dirty_observations_and_unknown_upstream ... ok
test live_evidence::git_scoped_semantics_tests::scoped_stash_reference_and_log_preserve_real_local_history ... ok
test live_evidence::git_scoped_semantics_tests::scoped_sha1_and_sha256_dirty_untracked_and_ignore_match_real_git ... ok
test live_evidence::git_semantics_tests::changed_head_cannot_publish_a_mixed_sample ... ok
test live_evidence::git_semantics_tests::missing_tracking_ref_is_reported_as_unavailable_not_unconfigured ... ok
test live_evidence::git_semantics_tests::failed_upstream_lookup_is_not_missing_configuration ... ok
test live_evidence::git_semantics_tests::newline_and_rename_paths_have_one_status_per_file ... ok
test live_evidence::git_source_file::tests::growth_after_length_observation_reads_no_extra_byte_and_refuses_result ... ok
test live_evidence::git_source_file::tests::initial_version_uses_the_same_metadata_observation_as_copied_permissions ... ok
test live_evidence::git_source_file::tests::over_budget_body_is_not_read_even_when_native_file_is_long_enough ... ok
test live_evidence::git_source_file::tests::real_source_reads_admit_empty_and_exact_length_without_lookahead ... ok
test live_evidence::git_source_file::tests::shortening_after_length_observation_charges_only_real_read_bytes ... ok
test live_evidence::git_semantics_tests::invalid_head_oid_is_a_format_error ... ok
test live_evidence::git_stash_location::tests::fixed_location_queries_use_one_child_and_preserve_raw_path_boundaries ... ok
test live_evidence::git_stash_location::tests::malformed_frames_and_original_failures_cannot_be_successful_locations ... ok
test live_evidence::git_semantics_tests::dangling_symbolic_references_are_errors_not_absence ... ok
test live_evidence::git_semantics_tests::sha256_repository_keeps_full_oids_and_correct_commit_counts ... ok
test live_evidence::git_semantics_tests::malformed_commit_count_is_an_error ... ok
test live_evidence::git_semantics_tests::existing_references_with_missing_commit_objects_are_errors ... ok
test live_evidence::git_semantics_tests::unborn_repository_counts_each_untracked_and_staged_file ... ok
test live_evidence::git_stash_location::tests::actual_sha1_and_sha256_location_matches_separate_git_queries ... ok
test live_evidence::git_semantics_tests::overflowing_commit_count_is_an_error ... ok
test live_evidence::git_semantics_tests::unsupported_reference_interface_is_an_error_not_a_fallback ... ok
test live_evidence::git_semantics_tests::unterminated_status_is_an_error ... ok
test live_evidence::git_stash_tests::reflog_file_read_obeys_byte_budget_and_cancellation ... ok
test live_evidence::git_stash_tests::same_bytes_with_new_file_version_cannot_pass_second_read ... ok
test live_evidence::git_stash_tests::fifo_reflog_is_rejected_without_waiting_for_a_writer ... ok
test live_evidence::git_stash_tests::damaged_older_reflog_record_cannot_be_silently_omitted ... ok
test live_evidence::git_stash_tests::committer_name_containing_tab_is_a_valid_raw_record ... ok
test live_evidence::git_stash_tests::malformed_raw_record_is_not_a_valid_stash_count ... ok
test live_evidence::git_stash_tests::linked_worktree_uses_gits_shared_reflog_location ... ok
test live_evidence::git_status_output_tests::wide_status_child_fixture ... ignored, 仅由真实宽 status 回归以隔离临时根调用
test live_evidence::git_stash_tests::missing_older_stash_commit_cannot_be_silently_omitted ... ok
test live_evidence::git_stash_tests::stash_observation_cannot_turn_an_expired_request_into_a_count ... ok
test live_evidence::git_system_configuration_tests::discovery_budget_and_cancellation_are_not_reset ... ok
test live_evidence::git_system_configuration_tests::host_configuration_flag_cannot_reopen_the_original_parser ... ok
test live_evidence::git_system_configuration_tests::actual_installed_git_discovers_one_path_without_creating_the_host_file ... ok
test live_evidence::git_scoped_semantics_tests::scoped_sha1_and_sha256_local_tracking_divergence_matches_real_git ... ok
test live_evidence::git_stash_tests::message_containing_angle_brackets_and_greater_than_is_not_identity ... ok
test live_evidence::git_system_configuration_tests::path_record_is_single_absolute_native_path_without_display_normalization ... ok
test live_evidence::git_stash_tests::symlinked_reflog_is_rejected_even_if_contents_are_valid ... ok
test live_evidence::git_system_configuration_tests::script_writer_child ... ok
test live_evidence::git_system_configuration_tests::shell_environment_child ... ok
test live_evidence::git_stash_tests::drop_and_expire_are_not_mistaken_for_corruption ... ok
test live_evidence::git_tool_path_tests::context_reports_the_executable_resolution_stage ... ok
test live_evidence::git_tool_path_tests::local_drive_names_are_preserved_without_lossy_conversion ... ok
test live_evidence::git_tool_path_tests::namespaces_and_non_absolute_paths_are_rejected ... ok
test live_evidence::git_tool_path_tests::one_trailing_directory_separator_is_preserved ... ok
test live_evidence::git_tool_path_tests::only_the_verbatim_drive_prefix_is_removed ... ok
test live_evidence::git_tool_path_tests::ordinary_tool_paths_have_an_explicit_utf16_limit ... ok
test live_evidence::git_tool_path_tests::raw_dot_steps_and_names_changed_by_win32_are_rejected ... ok
test live_evidence::git_tool_path_tests::reserved_devices_are_rejected_even_with_extensions_and_case_variants ... ok
test live_evidence::git_tool_path_tests::unix_native_bytes_are_not_changed_or_normalized ... ok
test live_evidence::git_stash_tests::reflog_delete_without_rewrite_does_not_require_old_oid_chain ... ok
test live_evidence::git_stash_tests::symlinked_reflog_parent_is_rejected ... ok
test live_evidence::git_system_configuration_tests::malformed_host_config_and_included_fifo_are_not_parsed_during_discovery ... ok
test live_evidence::git_system_configuration_tests::fifo_host_configuration_is_only_located_then_native_capture_rejects_it ... ok
test live_evidence::git_system_configuration_tests::oversized_host_file_is_rejected_by_native_capture_before_git_parses_it ... ok
test live_evidence::git_system_configuration_tests::shell_path_is_filtered_once_and_injected_startup_environment_is_cleared ... ok
test live_evidence::git_system_configuration_tests::missing_and_shell_metacharacter_names_are_returned_exactly_without_creation ... ok
test live_evidence::git_stash_tests::valid_stash_ref_without_raw_log_has_zero_listed_stashes ... ok
test live_evidence::git_system_configuration_tests::physical_host_alias_is_rediscovered_after_redirection ... ok
test live_evidence::git_worktree_capture_tests::scoped_session_cumulates_input_budget_and_latches_failure ... ok
test live_evidence::git_worktree_capture_tests::captured_file_body_is_not_read_from_replacement_source_root ... ok
test live_evidence::git_worktree_capture_tests::captured_status_does_not_enumerate_replacement_source_root ... ok
test live_evidence::git_worktree_capture_tests::captured_attributes_do_not_change_after_source_rewrite ... ok
test live_evidence::git_worktree_capture_tests::captured_nested_directory_and_ignore_rules_do_not_reopen_source ... ok
test live_evidence::git_worktree_capture_tests::source_file_change_rejects_terminal_result_after_isolated_command ... ok
test live_evidence::git_view_race_tests::live_attribute_macro_activating_unused_clean_driver_is_unsupported ... ok
test live_evidence::git_view_race_tests::live_attribute_macro_activating_unused_process_driver_is_unsupported ... ok
test live_evidence::git_view_race_tests::replaced_source_config_cannot_execute_after_private_view_capture ... ok
test live_evidence::git_status_output_tests::wide_status_child_fixture ... WIDE_STATUS_COMPLETE: records=8192 bytes=1220608 limit=1048576
test live_evidence::git_status_output_tests::real_wide_status_exhausts_default_output_without_partial_sample_or_private_data ... ok
test live_evidence::git_private_capacity_tests::zero_allocation_files_still_reach_the_real_owner_entry_limit ... ok

failures:

failures:
    live_evidence::git_indexed_identity_tests::indexed_git_directory_replacement_cannot_be_sampled_as_the_original_node

test result: FAILED. 242 passed; 1 failed; 3 ignored; 0 measured; 532 filtered out; finished in 10.91s

error: test failed, to rerun pass `-p diskgraph-engine --lib`
