test_eof_close_error_returns_after_actual_child_wait (test_native_pid_namespace.NativePidNamespaceContracts.test_eof_close_error_returns_after_actual_child_wait) ... ok
test_finalization_failure_without_primary_is_failure (test_native_pid_namespace.NativePidNamespaceContracts.test_finalization_failure_without_primary_is_failure) ... ok
test_fixed_argv_replaces_only_separate_output_token (test_native_pid_namespace.NativePidNamespaceContracts.test_fixed_argv_replaces_only_separate_output_token) ... ok
test_interruption_keeps_original_payload_with_multiple_cleanup_errors (test_native_pid_namespace.NativePidNamespaceContracts.test_interruption_keeps_original_payload_with_multiple_cleanup_errors) ... ok
test_missing_real_setup_never_accepts_a_child_success_receipt (test_native_pid_namespace.NativePidNamespaceContracts.test_missing_real_setup_never_accepts_a_child_success_receipt) ... ok
test_nonlinux_refuses_before_directory_or_child_creation (test_native_pid_namespace.NativePidNamespaceContracts.test_nonlinux_refuses_before_directory_or_child_creation) ... ok
test_persistent_selector_error_returns_after_actual_child_wait (test_native_pid_namespace.NativePidNamespaceContracts.test_persistent_selector_error_returns_after_actual_child_wait) ... ok
test_profile_rejects_wrong_count_not_a_free_expected_count (test_native_pid_namespace.NativePidNamespaceContracts.test_profile_rejects_wrong_count_not_a_free_expected_count) ... ok
test_profile_rejects_wrong_status_even_with_its_case_count (test_native_pid_namespace.NativePidNamespaceContracts.test_profile_rejects_wrong_status_even_with_its_case_count) ... ok
test_receipt_write_error_preserves_exact_timeout_object (test_native_pid_namespace.NativePidNamespaceContracts.test_receipt_write_error_preserves_exact_timeout_object) ... ok
test_repeated_cleanup_failures_are_bounded_without_losing_primary (test_native_pid_namespace.NativePidNamespaceContracts.test_repeated_cleanup_failures_are_bounded_without_losing_primary) ... ok
test_run_primary_survives_final_owner_close_error_and_saves_receipt (test_native_pid_namespace.NativePidNamespaceContracts.test_run_primary_survives_final_owner_close_error_and_saves_receipt) ... ok
test_shell_relative_and_duplicate_token_are_rejected (test_native_pid_namespace.NativePidNamespaceContracts.test_shell_relative_and_duplicate_token_are_rejected) ... ok
test_sudo_identity_mismatch_is_not_admitted (test_native_pid_namespace.NativePidNamespaceContracts.test_sudo_identity_mismatch_is_not_admitted) ... ok
test_two_fixed_profile_commands_and_fixed_self_test_entry (test_native_pid_namespace.NativePidNamespaceContracts.test_two_fixed_profile_commands_and_fixed_self_test_entry) ... ok
test_unknown_script_cannot_supply_a_matching_receipt (test_native_pid_namespace.NativePidNamespaceContracts.test_unknown_script_cannot_supply_a_matching_receipt) ... ok
test_wait_error_does_not_mark_or_release_owner (test_native_pid_namespace.NativePidNamespaceContracts.test_wait_error_does_not_mark_or_release_owner) ... ok
test_actual_init_wait_does_not_leave_cleanup_birth_in_a_dead_destination (test_native_pid_namespace_restore.NativePidNamespaceRestoreContracts.test_actual_init_wait_does_not_leave_cleanup_birth_in_a_dead_destination) ... ok
test_existing_spawn_restores_original_destination_before_return (test_native_pid_namespace_restore.NativePidNamespaceRestoreContracts.test_existing_spawn_restores_original_destination_before_return) ... ok
test_original_fork_error_restores_destination_without_overwriting_errno (test_native_pid_namespace_restore.NativePidNamespaceRestoreContracts.test_original_fork_error_restores_destination_without_overwriting_errno) ... ok
test_original_setns_denial_preserves_init_and_open_owner_fd (test_native_pid_namespace_restore.NativePidNamespaceRestoreContracts.test_original_setns_denial_preserves_init_and_open_owner_fd) ... ok
test_setns_success_with_wrong_readback_fails_without_consuming_init (test_native_pid_namespace_restore.NativePidNamespaceRestoreContracts.test_setns_success_with_wrong_readback_fails_without_consuming_init) ... ok
test_original_fork_error_retains_restore_error_as_secondary (test_native_pid_namespace_restore_errors.NativePidNamespaceRestoreErrorContracts.test_original_fork_error_retains_restore_error_as_secondary) ... ok
test_original_fork_error_survives_actual_saved_fd_close_error (test_native_pid_namespace_restore_errors.NativePidNamespaceRestoreErrorContracts.test_original_fork_error_survives_actual_saved_fd_close_error) ... ok

----------------------------------------------------------------------
Ran 24 tests in 0.370s

OK
