{"phase": "fixture_create", "event": "begin", "monotonic_seconds": 2526.099573}
{"phase": "fixture_create", "event": "end", "monotonic_seconds": 2716.7186239}
{"phase": "scope_registration", "event": "begin", "monotonic_seconds": 2716.7187038}
{"phase": "scope_registration", "event": "end", "monotonic_seconds": 2717.2476155}
{"phase": "index", "event": "begin", "monotonic_seconds": 2717.2476641}
{"scan_phase": "worker_begin", "nodes": 0, "elapsed_ms": 1}
{"scan_phase": "worker_complete", "nodes": 0, "elapsed_ms": 16619}
{"scan_phase": "conversion_complete", "nodes": 200001, "elapsed_ms": 21507}
{"scan_phase": "staging_batch_complete", "nodes": 200001, "elapsed_ms": 127774}
{"scan_phase": "staging_complete", "nodes": 200001, "elapsed_ms": 127775}
{"scan_phase": "publication_begin", "nodes": 200001, "elapsed_ms": 127861}
{"scan_phase": "publication_complete", "nodes": 200001, "elapsed_ms": 179022}
{"phase": "index", "event": "end", "monotonic_seconds": 2896.453352}
{"phase": "coverage_validation", "event": "begin", "monotonic_seconds": 2896.4533863}
{"phase": "coverage_validation", "event": "end", "monotonic_seconds": 2896.7541566}
{"phase": "queries", "event": "begin", "monotonic_seconds": 2896.754237}
{"phase": "queries", "event": "end", "monotonic_seconds": 2897.0263041}
{"phase": "budget_refusal", "event": "begin", "monotonic_seconds": 2897.0263539}
{"scan_phase": "worker_begin", "nodes": 0, "elapsed_ms": 1}
{"phase": "budget_refusal", "event": "end", "monotonic_seconds": 2900.0042665}
