   Compiling diskgraph-engine v0.3.0 (/Users/wandl/workspaces/workspace-loong10k/diskgraph/crates/diskgraph-engine)
    Finished `test` profile [unoptimized + debuginfo] target(s) in 2.99s
     Running unittests src/lib.rs (target/debug/deps/diskgraph_engine-992d657d8a448059)

running 4 tests
test scan_observation_deadline_tests::live_guard_still_refuses_persistent_scope_revocation ... ok
test scan_observation_deadline_tests::bounded_observation_preserves_cancel_permission_and_fence_denials ... ok
test scan_observation_deadline_tests::held_control_lock_cannot_extend_the_original_observation_budget ... FAILED
test scan_observation_deadline_tests::competing_sqlite_writer_cannot_extend_the_original_observation_budget ... FAILED

failures:

---- scan_observation_deadline_tests::held_control_lock_cannot_extend_the_original_observation_budget stdout ----

thread 'scan_observation_deadline_tests::held_control_lock_cannot_extend_the_original_observation_budget' (25092963) panicked at crates/diskgraph-engine/src/scan_observation_deadline_tests.rs:50:9:
observation waited beyond budget for the held lock
note: run with `RUST_BACKTRACE=1` environment variable to display a backtrace

---- scan_observation_deadline_tests::competing_sqlite_writer_cannot_extend_the_original_observation_budget stdout ----

thread 'scan_observation_deadline_tests::competing_sqlite_writer_cannot_extend_the_original_observation_budget' (25092962) panicked at crates/diskgraph-engine/src/scan_observation_deadline_tests.rs:83:9:
observation waited beyond budget for the SQLite writer


failures:
    scan_observation_deadline_tests::competing_sqlite_writer_cannot_extend_the_original_observation_budget
    scan_observation_deadline_tests::held_control_lock_cannot_extend_the_original_observation_budget

test result: FAILED. 2 passed; 2 failed; 0 ignored; 0 measured; 719 filtered out; finished in 0.51s

error: test failed, to rerun pass `-p diskgraph-engine --lib`
