test_only_verified_retirement_allows_source_cleanup (test_linux_fuse_runner_lifecycle.LifecycleTests.test_only_verified_retirement_allows_source_cleanup) ... FAIL
test_successful_client_with_invalid_evidence_is_not_verified (test_linux_fuse_runner_lifecycle.LifecycleTests.test_successful_client_with_invalid_evidence_is_not_verified) ... FAIL
test_timeout_retains_original_material_and_identity (test_linux_fuse_runner_lifecycle.LifecycleTests.test_timeout_retains_original_material_and_identity) ... FAIL

======================================================================
FAIL: test_only_verified_retirement_allows_source_cleanup (test_linux_fuse_runner_lifecycle.LifecycleTests.test_only_verified_retirement_allows_source_cleanup)
----------------------------------------------------------------------
Traceback (most recent call last):
  File "/Users/wandl/workspaces/workspace-loong10k/diskgraph/scripts/tests/test_linux_fuse_runner_lifecycle.py", line 87, in test_only_verified_retirement_allows_source_cleanup
    self.exercise('valid')
    ~~~~~~~~~~~~~^^^^^^^^^
  File "/Users/wandl/workspaces/workspace-loong10k/diskgraph/scripts/tests/test_linux_fuse_runner_lifecycle.py", line 70, in exercise
    MODULE.main()
    ~~~~~~~~~~~^^
  File "/Users/wandl/workspaces/workspace-loong10k/diskgraph/scripts/qualify_linux_fuse_no_recall.py", line 73, in main
    result = subprocess.run(command, stdout=log, stderr=subprocess.STDOUT, timeout=1500)
  File "/opt/homebrew/Cellar/python@3.14/3.14.3_1/Frameworks/Python.framework/Versions/3.14/lib/python3.14/unittest/mock.py", line 1175, in __call__
    return self._mock_call(*args, **kwargs)
           ~~~~~~~~~~~~~~~^^^^^^^^^^^^^^^^^
  File "/opt/homebrew/Cellar/python@3.14/3.14.3_1/Frameworks/Python.framework/Versions/3.14/lib/python3.14/unittest/mock.py", line 1179, in _mock_call
    return self._execute_mock_call(*args, **kwargs)
           ~~~~~~~~~~~~~~~~~~~~~~~^^^^^^^^^^^^^^^^^
  File "/opt/homebrew/Cellar/python@3.14/3.14.3_1/Frameworks/Python.framework/Versions/3.14/lib/python3.14/unittest/mock.py", line 1240, in _execute_mock_call
    result = effect(*args, **kwargs)
  File "/Users/wandl/workspaces/workspace-loong10k/diskgraph/scripts/tests/test_linux_fuse_runner_lifecycle.py", line 43, in run
    self.assertIn('--security-opt', command)
    ~~~~~~~~~~~~~^^^^^^^^^^^^^^^^^^^^^^^^^^^
AssertionError: '--security-opt' not found in ['docker', 'run', '--rm', '--cidfile', '/private/var/folders/_s/9_xnnkz141920t1yv5zhvd1r0000gn/T/tmpx6lkl0tz/evidence/container.cid', '--cap-add=SYS_ADMIN', '--device-cgroup-rule=c 10:229 rwm', '-v', '/private/var/folders/_s/9_xnnkz141920t1yv5zhvd1r0000gn/T/tmpx6lkl0tz/source:/src:ro', '-v', '/private/var/folders/_s/9_xnnkz141920t1yv5zhvd1r0000gn/T/tmpx6lkl0tz/evidence:/fixture', '-w', '/src', '-e', 'CARGO_TARGET_DIR=/tmp/target', '-e', 'DG_FUSE_TEST_TIMEOUT=1200', 'rust@sha256:0e2bcaef56d041a486784e54104a81aebe0da44bd03019bd70bc0401e42e4a97', '/bin/bash', '-c', 'gcc -Wall -Wextra -Werror /fixture/fuse_provider.c -o /tmp/fuse-provider && python3 /fixture/run_product_probe.py']

======================================================================
FAIL: test_successful_client_with_invalid_evidence_is_not_verified (test_linux_fuse_runner_lifecycle.LifecycleTests.test_successful_client_with_invalid_evidence_is_not_verified)
----------------------------------------------------------------------
Traceback (most recent call last):
  File "/Users/wandl/workspaces/workspace-loong10k/diskgraph/scripts/tests/test_linux_fuse_runner_lifecycle.py", line 84, in test_successful_client_with_invalid_evidence_is_not_verified
    self.exercise('invalid')
    ~~~~~~~~~~~~~^^^^^^^^^^^
  File "/Users/wandl/workspaces/workspace-loong10k/diskgraph/scripts/tests/test_linux_fuse_runner_lifecycle.py", line 68, in exercise
    MODULE.main()
    ~~~~~~~~~~~^^
  File "/Users/wandl/workspaces/workspace-loong10k/diskgraph/scripts/qualify_linux_fuse_no_recall.py", line 73, in main
    result = subprocess.run(command, stdout=log, stderr=subprocess.STDOUT, timeout=1500)
  File "/opt/homebrew/Cellar/python@3.14/3.14.3_1/Frameworks/Python.framework/Versions/3.14/lib/python3.14/unittest/mock.py", line 1175, in __call__
    return self._mock_call(*args, **kwargs)
           ~~~~~~~~~~~~~~~^^^^^^^^^^^^^^^^^
  File "/opt/homebrew/Cellar/python@3.14/3.14.3_1/Frameworks/Python.framework/Versions/3.14/lib/python3.14/unittest/mock.py", line 1179, in _mock_call
    return self._execute_mock_call(*args, **kwargs)
           ~~~~~~~~~~~~~~~~~~~~~~~^^^^^^^^^^^^^^^^^
  File "/opt/homebrew/Cellar/python@3.14/3.14.3_1/Frameworks/Python.framework/Versions/3.14/lib/python3.14/unittest/mock.py", line 1240, in _execute_mock_call
    result = effect(*args, **kwargs)
  File "/Users/wandl/workspaces/workspace-loong10k/diskgraph/scripts/tests/test_linux_fuse_runner_lifecycle.py", line 43, in run
    self.assertIn('--security-opt', command)
    ~~~~~~~~~~~~~^^^^^^^^^^^^^^^^^^^^^^^^^^^
AssertionError: '--security-opt' not found in ['docker', 'run', '--rm', '--cidfile', '/private/var/folders/_s/9_xnnkz141920t1yv5zhvd1r0000gn/T/tmp80l4j2cz/evidence/container.cid', '--cap-add=SYS_ADMIN', '--device-cgroup-rule=c 10:229 rwm', '-v', '/private/var/folders/_s/9_xnnkz141920t1yv5zhvd1r0000gn/T/tmp80l4j2cz/source:/src:ro', '-v', '/private/var/folders/_s/9_xnnkz141920t1yv5zhvd1r0000gn/T/tmp80l4j2cz/evidence:/fixture', '-w', '/src', '-e', 'CARGO_TARGET_DIR=/tmp/target', '-e', 'DG_FUSE_TEST_TIMEOUT=1200', 'rust@sha256:0e2bcaef56d041a486784e54104a81aebe0da44bd03019bd70bc0401e42e4a97', '/bin/bash', '-c', 'gcc -Wall -Wextra -Werror /fixture/fuse_provider.c -o /tmp/fuse-provider && python3 /fixture/run_product_probe.py']

======================================================================
FAIL: test_timeout_retains_original_material_and_identity (test_linux_fuse_runner_lifecycle.LifecycleTests.test_timeout_retains_original_material_and_identity)
----------------------------------------------------------------------
Traceback (most recent call last):
  File "/Users/wandl/workspaces/workspace-loong10k/diskgraph/scripts/tests/test_linux_fuse_runner_lifecycle.py", line 81, in test_timeout_retains_original_material_and_identity
    self.exercise('timeout')
    ~~~~~~~~~~~~~^^^^^^^^^^^
  File "/Users/wandl/workspaces/workspace-loong10k/diskgraph/scripts/tests/test_linux_fuse_runner_lifecycle.py", line 65, in exercise
    MODULE.main()
    ~~~~~~~~~~~^^
  File "/Users/wandl/workspaces/workspace-loong10k/diskgraph/scripts/qualify_linux_fuse_no_recall.py", line 73, in main
    result = subprocess.run(command, stdout=log, stderr=subprocess.STDOUT, timeout=1500)
  File "/opt/homebrew/Cellar/python@3.14/3.14.3_1/Frameworks/Python.framework/Versions/3.14/lib/python3.14/unittest/mock.py", line 1175, in __call__
    return self._mock_call(*args, **kwargs)
           ~~~~~~~~~~~~~~~^^^^^^^^^^^^^^^^^
  File "/opt/homebrew/Cellar/python@3.14/3.14.3_1/Frameworks/Python.framework/Versions/3.14/lib/python3.14/unittest/mock.py", line 1179, in _mock_call
    return self._execute_mock_call(*args, **kwargs)
           ~~~~~~~~~~~~~~~~~~~~~~~^^^^^^^^^^^^^^^^^
  File "/opt/homebrew/Cellar/python@3.14/3.14.3_1/Frameworks/Python.framework/Versions/3.14/lib/python3.14/unittest/mock.py", line 1240, in _execute_mock_call
    result = effect(*args, **kwargs)
  File "/Users/wandl/workspaces/workspace-loong10k/diskgraph/scripts/tests/test_linux_fuse_runner_lifecycle.py", line 43, in run
    self.assertIn('--security-opt', command)
    ~~~~~~~~~~~~~^^^^^^^^^^^^^^^^^^^^^^^^^^^
AssertionError: '--security-opt' not found in ['docker', 'run', '--rm', '--cidfile', '/private/var/folders/_s/9_xnnkz141920t1yv5zhvd1r0000gn/T/tmpd3dj2_te/evidence/container.cid', '--cap-add=SYS_ADMIN', '--device-cgroup-rule=c 10:229 rwm', '-v', '/private/var/folders/_s/9_xnnkz141920t1yv5zhvd1r0000gn/T/tmpd3dj2_te/source:/src:ro', '-v', '/private/var/folders/_s/9_xnnkz141920t1yv5zhvd1r0000gn/T/tmpd3dj2_te/evidence:/fixture', '-w', '/src', '-e', 'CARGO_TARGET_DIR=/tmp/target', '-e', 'DG_FUSE_TEST_TIMEOUT=1200', 'rust@sha256:0e2bcaef56d041a486784e54104a81aebe0da44bd03019bd70bc0401e42e4a97', '/bin/bash', '-c', 'gcc -Wall -Wextra -Werror /fixture/fuse_provider.c -o /tmp/fuse-provider && python3 /fixture/run_product_probe.py']

----------------------------------------------------------------------
Ran 3 tests in 0.017s

FAILED (failures=3)
