{"phase": "fixture_create", "event": "begin", "monotonic_seconds": 95045.571455291}
{"phase": "fixture_create", "event": "end", "monotonic_seconds": 95045.576699833}
{"phase": "scope_registration", "event": "begin", "monotonic_seconds": 95045.576721458}
{"phase": "scope_registration", "event": "end", "monotonic_seconds": 95045.576755375}
{"phase": "index", "event": "begin", "monotonic_seconds": 95045.576764416}
{"phase": "index", "event": "end", "monotonic_seconds": 95045.57807875}
{"phase": "coverage_validation", "event": "begin", "monotonic_seconds": 95045.578095208}
{"phase": "coverage_validation", "event": "end", "monotonic_seconds": 95045.586107458}
{"phase": "queries", "event": "begin", "monotonic_seconds": 95045.586129541}
{"phase": "queries", "event": "end", "monotonic_seconds": 95045.586406708}
{"phase": "budget_refusal", "event": "begin", "monotonic_seconds": 95045.586431416}
{"phase": "budget_refusal", "event": "end", "monotonic_seconds": 95045.58646425}
.{"phase": "fixture_create", "event": "begin", "monotonic_seconds": 95045.59157975}
{"phase": "fixture_create", "event": "end", "monotonic_seconds": 95045.595974708}
{"phase": "scope_registration", "event": "begin", "monotonic_seconds": 95045.595989125}
{"phase": "scope_registration", "event": "end", "monotonic_seconds": 95045.596011666}
{"phase": "index", "event": "begin", "monotonic_seconds": 95045.59601825}
{"phase": "index", "event": "end", "monotonic_seconds": 95045.597034666}
{"phase": "coverage_validation", "event": "begin", "monotonic_seconds": 95045.5970475}
{"phase": "coverage_validation", "event": "end", "monotonic_seconds": 95045.597284791}
{"phase": "queries", "event": "begin", "monotonic_seconds": 95045.597294}
{"phase": "queries", "event": "end", "monotonic_seconds": 95045.597507416}
{"phase": "budget_refusal", "event": "begin", "monotonic_seconds": 95045.597517541}
{"phase": "budget_refusal", "event": "end", "monotonic_seconds": 95045.59754075}
.{"phase": "fixture_create", "event": "begin", "monotonic_seconds": 95045.603090625}
{"phase": "fixture_create", "event": "end", "monotonic_seconds": 95045.606811083}
{"phase": "scope_registration", "event": "begin", "monotonic_seconds": 95045.606822}
{"phase": "scope_registration", "event": "end", "monotonic_seconds": 95045.606840791}
{"phase": "index", "event": "begin", "monotonic_seconds": 95045.606847916}
{"phase": "index", "event": "end", "monotonic_seconds": 95045.608007583}
{"phase": "coverage_validation", "event": "begin", "monotonic_seconds": 95045.608022333}
{"phase": "coverage_validation", "event": "end", "monotonic_seconds": 95045.608325541}
{"phase": "queries", "event": "begin", "monotonic_seconds": 95045.608335416}
{"phase": "queries", "event": "end", "monotonic_seconds": 95045.60851825}
{"phase": "budget_refusal", "event": "begin", "monotonic_seconds": 95045.608526958}
{"phase": "budget_refusal", "event": "end", "monotonic_seconds": 95045.608550458}
.{"phase": "fixture_create", "event": "begin", "monotonic_seconds": 95045.614579666}
{"phase": "fixture_create", "event": "end", "monotonic_seconds": 95045.618798291}
{"phase": "scope_registration", "event": "begin", "monotonic_seconds": 95045.618811166}
{"phase": "scope_registration", "event": "end", "monotonic_seconds": 95045.618829583}
{"phase": "index", "event": "begin", "monotonic_seconds": 95045.618835291}
{"phase": "index", "event": "end", "monotonic_seconds": 95045.619822916}
{"phase": "coverage_validation", "event": "begin", "monotonic_seconds": 95045.619832083}
{"phase": "coverage_validation", "event": "end", "monotonic_seconds": 95045.620044875}
{"phase": "queries", "event": "begin", "monotonic_seconds": 95045.620052416}
{"phase": "queries", "event": "end", "monotonic_seconds": 95045.620247083}
{"phase": "budget_refusal", "event": "begin", "monotonic_seconds": 95045.62026025}
{"phase": "budget_refusal", "event": "end", "monotonic_seconds": 95045.620288}
{"phase": "fixture_create", "event": "begin", "monotonic_seconds": 95045.625230541}
{"phase": "fixture_create", "event": "end", "monotonic_seconds": 95045.629346458}
{"phase": "scope_registration", "event": "begin", "monotonic_seconds": 95045.629359916}
{"phase": "scope_registration", "event": "end", "monotonic_seconds": 95045.629386291}
{"phase": "index", "event": "begin", "monotonic_seconds": 95045.629394291}
{"phase": "index", "event": "end", "monotonic_seconds": 95045.630477708}
{"phase": "coverage_validation", "event": "begin", "monotonic_seconds": 95045.630492916}
{"phase": "coverage_validation", "event": "end", "monotonic_seconds": 95045.630789166}
{"phase": "queries", "event": "begin", "monotonic_seconds": 95045.630799}
{"phase": "queries", "event": "end", "monotonic_seconds": 95045.631038541}
{"phase": "budget_refusal", "event": "begin", "monotonic_seconds": 95045.631057625}
{"phase": "budget_refusal", "event": "end", "monotonic_seconds": 95045.631088166}
{"phase": "fixture_create", "event": "begin", "monotonic_seconds": 95045.636729458}
{"phase": "fixture_create", "event": "end", "monotonic_seconds": 95045.6415465}
{"phase": "scope_registration", "event": "begin", "monotonic_seconds": 95045.641558}
{"phase": "scope_registration", "event": "end", "monotonic_seconds": 95045.641575041}
{"phase": "index", "event": "begin", "monotonic_seconds": 95045.641585125}
{"phase": "index", "event": "end", "monotonic_seconds": 95045.642705791}
{"phase": "coverage_validation", "event": "begin", "monotonic_seconds": 95045.642717708}
{"phase": "coverage_validation", "event": "end", "monotonic_seconds": 95045.642937791}
{"phase": "queries", "event": "begin", "monotonic_seconds": 95045.642946166}
{"phase": "queries", "event": "end", "monotonic_seconds": 95045.643125041}
{"phase": "budget_refusal", "event": "begin", "monotonic_seconds": 95045.643134416}
{"phase": "budget_refusal", "event": "end", "monotonic_seconds": 95045.643156791}
.{"phase": "fixture_create", "event": "begin", "monotonic_seconds": 95045.648123291}
{"phase": "fixture_create", "event": "end", "monotonic_seconds": 95045.652117625}
{"phase": "scope_registration", "event": "begin", "monotonic_seconds": 95045.652129875}
{"phase": "scope_registration", "event": "end", "monotonic_seconds": 95045.652146875}
{"phase": "index", "event": "begin", "monotonic_seconds": 95045.652155875}
{"phase": "index", "event": "end", "monotonic_seconds": 95045.653264291}
{"phase": "coverage_validation", "event": "begin", "monotonic_seconds": 95045.653275458}
{"phase": "coverage_validation", "event": "end", "monotonic_seconds": 95045.653572375}
{"phase": "queries", "event": "begin", "monotonic_seconds": 95045.653580458}
{"phase": "queries", "event": "end", "monotonic_seconds": 95045.653771416}
{"phase": "budget_refusal", "event": "begin", "monotonic_seconds": 95045.653788083}
{"phase": "budget_refusal", "event": "end", "monotonic_seconds": 95045.653818708}
.{"phase": "fixture_create", "event": "begin", "monotonic_seconds": 95045.659353875}
{"phase": "fixture_create", "event": "end", "monotonic_seconds": 95045.663584833}
{"phase": "scope_registration", "event": "begin", "monotonic_seconds": 95045.663595333}
{"phase": "scope_registration", "event": "end", "monotonic_seconds": 95045.663612583}
{"phase": "index", "event": "begin", "monotonic_seconds": 95045.66361975}
{"phase": "index", "event": "end", "monotonic_seconds": 95045.664660916}
{"phase": "coverage_validation", "event": "begin", "monotonic_seconds": 95045.664672041}
{"phase": "coverage_validation", "event": "end", "monotonic_seconds": 95045.664873625}
{"phase": "queries", "event": "begin", "monotonic_seconds": 95045.664882208}
{"phase": "queries", "event": "end", "monotonic_seconds": 95045.665065666}
{"phase": "budget_refusal", "event": "begin", "monotonic_seconds": 95045.665076791}
{"phase": "budget_refusal", "event": "end", "monotonic_seconds": 95045.665101583}
......
----------------------------------------------------------------------
Ran 11 tests in 0.151s

OK
