{"phase": "fixture_create", "event": "begin", "monotonic_seconds": 103470.910326857}
{"phase": "fixture_create", "event": "end", "monotonic_seconds": 103472.553704106}
{"phase": "scope_registration", "event": "begin", "monotonic_seconds": 103472.553852898}
{"phase": "scope_registration", "event": "end", "monotonic_seconds": 103472.68626894}
{"phase": "index", "event": "begin", "monotonic_seconds": 103472.686519815}
{"phase": "index", "event": "end", "monotonic_seconds": 103474.259384649}
{"phase": "coverage_validation", "event": "begin", "monotonic_seconds": 103474.259625482}
{"phase": "coverage_validation", "event": "end", "monotonic_seconds": 103474.276275732}
{"phase": "queries", "event": "begin", "monotonic_seconds": 103474.276384315}
{"phase": "queries", "event": "end", "monotonic_seconds": 103474.457262024}
{"phase": "budget_refusal", "event": "begin", "monotonic_seconds": 103474.457329774}
{"phase": "budget_refusal", "event": "end", "monotonic_seconds": 103474.576563524}
{"phase": "workspace_cleanup", "event": "begin", "monotonic_seconds": 103474.576813441}
{"phase": "workspace_cleanup", "event": "end", "monotonic_seconds": 103474.744721149}
{
  "version": "diskgraph 0.3.0",
  "platform": "linux",
  "files": 20000,
  "indexed_nodes": 20001,
  "queries": 32,
  "concurrent_clients": 4,
  "fixture_workers": 4,
  "fixture_seconds": 1.643,
  "scan_seconds": 1.573,
  "cleanup_seconds": 0.168,
  "cleanup_workers": 1,
  "query_p50_ms": 16.857,
  "query_p95_ms": 39.114,
  "database_and_wal_bytes": 41431040,
  "storage_cost": {
    "metric": "file lengths in bytes; not cumulative writes, allocated volume or peak WAL",
    "before_scan": {
      "database_bytes": 520192,
      "wal_bytes": 0,
      "shared_memory_bytes": 0,
      "total_bytes": 520192
    },
    "after_scan": {
      "database_bytes": 41431040,
      "wal_bytes": 0,
      "shared_memory_bytes": 0,
      "total_bytes": 41431040
    },
    "after_queries": {
      "database_bytes": 41431040,
      "wal_bytes": 0,
      "shared_memory_bytes": 0,
      "total_bytes": 41431040
    },
    "scan_delta": {
      "database_bytes": 40910848,
      "wal_bytes": 0,
      "shared_memory_bytes": 0,
      "total_bytes": 40910848
    },
    "query_delta": {
      "database_bytes": 0,
      "wal_bytes": 0,
      "shared_memory_bytes": 0,
      "total_bytes": 0
    }
  },
  "passed": 6,
  "total": 6,
  "checks": {
    "full_index_published": true,
    "exact_fixture_path_coverage": true,
    "exact_fixture_node_coverage": true,
    "concurrent_reads_bound_to_revision": true,
    "query_results_bounded": true,
    "node_budget_refuses_partial_publish": true
  }
}
