{"phase": "fixture_create", "event": "begin", "monotonic_seconds": 103474.795619316}
{"phase": "fixture_create", "event": "end", "monotonic_seconds": 103487.468890988}
{"phase": "scope_registration", "event": "begin", "monotonic_seconds": 103487.46902428}
{"phase": "scope_registration", "event": "end", "monotonic_seconds": 103487.531946613}
{"phase": "index", "event": "begin", "monotonic_seconds": 103487.532205947}
{"phase": "index", "event": "end", "monotonic_seconds": 103501.210349078}
{"phase": "coverage_validation", "event": "begin", "monotonic_seconds": 103501.211055912}
{"phase": "coverage_validation", "event": "end", "monotonic_seconds": 103501.356437953}
{"phase": "queries", "event": "begin", "monotonic_seconds": 103501.356582328}
{"phase": "queries", "event": "end", "monotonic_seconds": 103501.474186703}
{"phase": "budget_refusal", "event": "begin", "monotonic_seconds": 103501.474245412}
{"phase": "budget_refusal", "event": "end", "monotonic_seconds": 103501.561623786}
{"phase": "workspace_cleanup", "event": "begin", "monotonic_seconds": 103501.561836036}
{"phase": "workspace_cleanup", "event": "end", "monotonic_seconds": 103505.462233038}
{
  "version": "diskgraph 0.3.0",
  "platform": "linux",
  "files": 200000,
  "indexed_nodes": 200001,
  "queries": 32,
  "concurrent_clients": 4,
  "fixture_workers": 4,
  "fixture_seconds": 12.673,
  "scan_seconds": 13.678,
  "cleanup_seconds": 3.9,
  "cleanup_workers": 1,
  "query_p50_ms": 11.972,
  "query_p95_ms": 17.327,
  "database_and_wal_bytes": 415875072,
  "storage_cost": {
    "metric": "file lengths in bytes; not cumulative writes, allocated volume or peak WAL",
    "before_scan": {
      "database_bytes": 520192,
      "wal_bytes": 0,
      "shared_memory_bytes": 0,
      "total_bytes": 520192
    },
    "after_scan": {
      "database_bytes": 415875072,
      "wal_bytes": 0,
      "shared_memory_bytes": 0,
      "total_bytes": 415875072
    },
    "after_queries": {
      "database_bytes": 415875072,
      "wal_bytes": 0,
      "shared_memory_bytes": 0,
      "total_bytes": 415875072
    },
    "scan_delta": {
      "database_bytes": 415354880,
      "wal_bytes": 0,
      "shared_memory_bytes": 0,
      "total_bytes": 415354880
    },
    "query_delta": {
      "database_bytes": 0,
      "wal_bytes": 0,
      "shared_memory_bytes": 0,
      "total_bytes": 0
    }
  },
  "passed": 6,
  "total": 6,
  "checks": {
    "full_index_published": true,
    "exact_fixture_path_coverage": true,
    "exact_fixture_node_coverage": true,
    "concurrent_reads_bound_to_revision": true,
    "query_results_bounded": true,
    "node_budget_refuses_partial_publish": true
  }
}
