{
  "version": "diskgraph 0.3.0",
  "platform": "win32",
  "files": 200000,
  "indexed_nodes": 200001,
  "queries": 32,
  "concurrent_clients": 4,
  "fixture_workers": 1,
  "fixture_seconds": 174.76,
  "scan_seconds": 151.1,
  "cleanup_seconds": 173.505,
  "cleanup_workers": 1,
  "query_p50_ms": 33.894,
  "query_p95_ms": 40.551,
  "database_and_wal_bytes": 553598976,
  "passed": 6,
  "total": 6,
  "checks": {
    "full_index_published": true,
    "exact_fixture_path_coverage": true,
    "exact_fixture_node_coverage": true,
    "concurrent_reads_bound_to_revision": true,
    "query_results_bounded": true,
    "node_budget_refuses_partial_publish": true
  }
}
