     Locking 11 packages to latest Rust 1.98.1 compatible versions
   Compiling serde_core v1.0.229
   Compiling zmij v1.0.23
   Compiling serde_json v1.0.151
   Compiling memchr v2.8.3
   Compiling itoa v1.0.18
   Compiling diskgraph_memory_contract_probe v0.0.0 (/var/folders/_s/9_xnnkz141920t1yv5zhvd1r0000gn/T/diskgraph-memory-contract-gd5_e2cj)
    Finished `test` profile [unoptimized + debuginfo] target(s) in 2.48s
     Running unittests src/lib.rs (/var/folders/_s/9_xnnkz141920t1yv5zhvd1r0000gn/T/diskgraph-memory-contract-gd5_e2cj/target/debug/deps/diskgraph_memory_contract_probe-a5444ab5319d0316)

running 2 tests
test failed_child_measurement_is_unknown ... FAILED
test failed_host_measurement_is_unknown ... FAILED

failures:

---- failed_child_measurement_is_unknown stdout ----

thread 'failed_child_measurement_is_unknown' (19489424) panicked at src/lib.rs:39:50:
assertion `left == right` failed
  left: Number(0)
 right: Null
note: run with `RUST_BACKTRACE=1` environment variable to display a backtrace

---- failed_host_measurement_is_unknown stdout ----

thread 'failed_host_measurement_is_unknown' (19489425) panicked at src/lib.rs:38:49:
assertion `left == right` failed
  left: Number(0)
 right: Null


failures:
    failed_child_measurement_is_unknown
    failed_host_measurement_is_unknown

test result: FAILED. 0 passed; 2 failed; 0 ignored; 0 measured; 0 filtered out; finished in 0.00s

error: test failed, to rerun pass `--lib`
