{"phase": "fixture_create", "event": "begin", "monotonic_seconds": 108258.476235708}
{"phase": "fixture_create", "event": "end", "monotonic_seconds": 108258.489868208}
{"phase": "scope_registration", "event": "begin", "monotonic_seconds": 108258.489892125}
{"phase": "scope_registration", "event": "end", "monotonic_seconds": 108258.489925}
{"phase": "index", "event": "begin", "monotonic_seconds": 108258.489931916}
{"phase": "index", "event": "end", "monotonic_seconds": 108258.493460125}
{"phase": "coverage_validation", "event": "begin", "monotonic_seconds": 108258.49347925}
{"phase": "coverage_validation", "event": "end", "monotonic_seconds": 108258.511959583}
{"phase": "queries", "event": "begin", "monotonic_seconds": 108258.512001916}
{"phase": "queries", "event": "end", "monotonic_seconds": 108258.512894333}
{"phase": "budget_refusal", "event": "begin", "monotonic_seconds": 108258.512917083}
{"phase": "budget_refusal", "event": "end", "monotonic_seconds": 108258.512947291}
.{"phase": "fixture_create", "event": "begin", "monotonic_seconds": 108258.518469875}
{"phase": "fixture_create", "event": "end", "monotonic_seconds": 108258.523223458}
{"phase": "scope_registration", "event": "begin", "monotonic_seconds": 108258.523243291}
{"phase": "scope_registration", "event": "end", "monotonic_seconds": 108258.523275708}
{"phase": "index", "event": "begin", "monotonic_seconds": 108258.52328325}
{"phase": "index", "event": "end", "monotonic_seconds": 108258.524510416}
{"phase": "coverage_validation", "event": "begin", "monotonic_seconds": 108258.524524375}
{"phase": "coverage_validation", "event": "end", "monotonic_seconds": 108258.524807375}
{"phase": "queries", "event": "begin", "monotonic_seconds": 108258.524817666}
{"phase": "queries", "event": "end", "monotonic_seconds": 108258.525034666}
{"phase": "budget_refusal", "event": "begin", "monotonic_seconds": 108258.525051708}
{"phase": "budget_refusal", "event": "end", "monotonic_seconds": 108258.525083041}
.{"phase": "fixture_create", "event": "begin", "monotonic_seconds": 108258.531047708}
{"phase": "fixture_create", "event": "end", "monotonic_seconds": 108258.535851375}
{"phase": "scope_registration", "event": "begin", "monotonic_seconds": 108258.535869708}
{"phase": "scope_registration", "event": "end", "monotonic_seconds": 108258.535892166}
{"phase": "index", "event": "begin", "monotonic_seconds": 108258.535898875}
{"phase": "index", "event": "end", "monotonic_seconds": 108258.537468708}
{"phase": "coverage_validation", "event": "begin", "monotonic_seconds": 108258.537484541}
{"phase": "coverage_validation", "event": "end", "monotonic_seconds": 108258.537721375}
{"phase": "queries", "event": "begin", "monotonic_seconds": 108258.53773025}
{"phase": "queries", "event": "end", "monotonic_seconds": 108258.538093333}
{"phase": "budget_refusal", "event": "begin", "monotonic_seconds": 108258.538125541}
{"phase": "budget_refusal", "event": "end", "monotonic_seconds": 108258.538159208}
.{"phase": "fixture_create", "event": "begin", "monotonic_seconds": 108258.543137833}
{"phase": "fixture_create", "event": "end", "monotonic_seconds": 108258.5484475}
{"phase": "scope_registration", "event": "begin", "monotonic_seconds": 108258.548467583}
{"phase": "scope_registration", "event": "end", "monotonic_seconds": 108258.548497}
{"phase": "index", "event": "begin", "monotonic_seconds": 108258.548504708}
{"phase": "index", "event": "end", "monotonic_seconds": 108258.549621041}
{"phase": "coverage_validation", "event": "begin", "monotonic_seconds": 108258.549632833}
{"phase": "coverage_validation", "event": "end", "monotonic_seconds": 108258.549871875}
{"phase": "queries", "event": "begin", "monotonic_seconds": 108258.549880708}
{"phase": "queries", "event": "end", "monotonic_seconds": 108258.5501125}
{"phase": "budget_refusal", "event": "begin", "monotonic_seconds": 108258.550134958}
{"phase": "budget_refusal", "event": "end", "monotonic_seconds": 108258.550166041}
{"phase": "fixture_create", "event": "begin", "monotonic_seconds": 108258.554985875}
{"phase": "fixture_create", "event": "end", "monotonic_seconds": 108258.560268291}
{"phase": "scope_registration", "event": "begin", "monotonic_seconds": 108258.560303041}
{"phase": "scope_registration", "event": "end", "monotonic_seconds": 108258.560331291}
{"phase": "index", "event": "begin", "monotonic_seconds": 108258.56033875}
{"phase": "index", "event": "end", "monotonic_seconds": 108258.561576125}
{"phase": "coverage_validation", "event": "begin", "monotonic_seconds": 108258.561592958}
{"phase": "coverage_validation", "event": "end", "monotonic_seconds": 108258.561842958}
{"phase": "queries", "event": "begin", "monotonic_seconds": 108258.561851708}
{"phase": "queries", "event": "end", "monotonic_seconds": 108258.562098458}
{"phase": "budget_refusal", "event": "begin", "monotonic_seconds": 108258.562118}
{"phase": "budget_refusal", "event": "end", "monotonic_seconds": 108258.562151125}
{"phase": "fixture_create", "event": "begin", "monotonic_seconds": 108258.567589625}
{"phase": "fixture_create", "event": "end", "monotonic_seconds": 108258.5722625}
{"phase": "scope_registration", "event": "begin", "monotonic_seconds": 108258.572278833}
{"phase": "scope_registration", "event": "end", "monotonic_seconds": 108258.57230375}
{"phase": "index", "event": "begin", "monotonic_seconds": 108258.572310875}
{"phase": "index", "event": "end", "monotonic_seconds": 108258.573536083}
{"phase": "coverage_validation", "event": "begin", "monotonic_seconds": 108258.573551708}
{"phase": "coverage_validation", "event": "end", "monotonic_seconds": 108258.573815666}
{"phase": "queries", "event": "begin", "monotonic_seconds": 108258.573826791}
{"phase": "queries", "event": "end", "monotonic_seconds": 108258.574086041}
{"phase": "budget_refusal", "event": "begin", "monotonic_seconds": 108258.574101875}
{"phase": "budget_refusal", "event": "end", "monotonic_seconds": 108258.574132375}
.{"phase": "fixture_create", "event": "begin", "monotonic_seconds": 108258.578655208}
{"phase": "fixture_create", "event": "end", "monotonic_seconds": 108258.582998625}
{"phase": "scope_registration", "event": "begin", "monotonic_seconds": 108258.583016125}
{"phase": "scope_registration", "event": "end", "monotonic_seconds": 108258.58303825}
{"phase": "index", "event": "begin", "monotonic_seconds": 108258.583044541}
{"phase": "index", "event": "end", "monotonic_seconds": 108258.58412625}
{"phase": "coverage_validation", "event": "begin", "monotonic_seconds": 108258.584137958}
{"phase": "coverage_validation", "event": "end", "monotonic_seconds": 108258.584374458}
{"phase": "queries", "event": "begin", "monotonic_seconds": 108258.584383125}
{"phase": "queries", "event": "end", "monotonic_seconds": 108258.584587375}
{"phase": "budget_refusal", "event": "begin", "monotonic_seconds": 108258.584596541}
{"phase": "budget_refusal", "event": "end", "monotonic_seconds": 108258.584618375}
.{"phase": "fixture_create", "event": "begin", "monotonic_seconds": 108258.5893415}
{"phase": "fixture_create", "event": "end", "monotonic_seconds": 108258.599001791}
{"phase": "scope_registration", "event": "begin", "monotonic_seconds": 108258.602118291}
{"phase": "scope_registration", "event": "end", "monotonic_seconds": 108258.602167583}
{"phase": "index", "event": "begin", "monotonic_seconds": 108258.602175625}
{"phase": "index", "event": "end", "monotonic_seconds": 108258.603569}
{"phase": "coverage_validation", "event": "begin", "monotonic_seconds": 108258.603588416}
{"phase": "coverage_validation", "event": "end", "monotonic_seconds": 108258.603842291}
{"phase": "queries", "event": "begin", "monotonic_seconds": 108258.603852291}
{"phase": "queries", "event": "end", "monotonic_seconds": 108258.604098125}
{"phase": "budget_refusal", "event": "begin", "monotonic_seconds": 108258.60411075}
{"phase": "budget_refusal", "event": "end", "monotonic_seconds": 108258.604135375}
.............
----------------------------------------------------------------------
Ran 18 tests in 0.203s

OK
