{"phase": "fixture_create", "event": "begin", "monotonic_seconds": 108246.4774965}
{"phase": "fixture_create", "event": "end", "monotonic_seconds": 108246.49325025}
{"phase": "scope_registration", "event": "begin", "monotonic_seconds": 108246.493288625}
{"phase": "scope_registration", "event": "end", "monotonic_seconds": 108246.493323458}
{"phase": "index", "event": "begin", "monotonic_seconds": 108246.49333125}
{"phase": "index", "event": "end", "monotonic_seconds": 108246.49799825}
{"phase": "coverage_validation", "event": "begin", "monotonic_seconds": 108246.498027625}
{"phase": "coverage_validation", "event": "end", "monotonic_seconds": 108246.540438208}
{"phase": "queries", "event": "begin", "monotonic_seconds": 108246.540481791}
{"phase": "queries", "event": "end", "monotonic_seconds": 108246.540784833}
{"phase": "budget_refusal", "event": "begin", "monotonic_seconds": 108246.540822083}
{"phase": "budget_refusal", "event": "end", "monotonic_seconds": 108246.540863583}
.{"phase": "fixture_create", "event": "begin", "monotonic_seconds": 108246.547936291}
{"phase": "fixture_create", "event": "end", "monotonic_seconds": 108246.553473041}
{"phase": "scope_registration", "event": "begin", "monotonic_seconds": 108246.553493208}
{"phase": "scope_registration", "event": "end", "monotonic_seconds": 108246.553521541}
{"phase": "index", "event": "begin", "monotonic_seconds": 108246.553528083}
{"phase": "index", "event": "end", "monotonic_seconds": 108246.554677708}
{"phase": "coverage_validation", "event": "begin", "monotonic_seconds": 108246.554698375}
{"phase": "coverage_validation", "event": "end", "monotonic_seconds": 108246.554987541}
{"phase": "queries", "event": "begin", "monotonic_seconds": 108246.554997833}
{"phase": "queries", "event": "end", "monotonic_seconds": 108246.555314166}
{"phase": "budget_refusal", "event": "begin", "monotonic_seconds": 108246.555330458}
{"phase": "budget_refusal", "event": "end", "monotonic_seconds": 108246.5553595}
.{"phase": "fixture_create", "event": "begin", "monotonic_seconds": 108246.561200125}
{"phase": "fixture_create", "event": "end", "monotonic_seconds": 108246.567042916}
{"phase": "scope_registration", "event": "begin", "monotonic_seconds": 108246.567067125}
{"phase": "scope_registration", "event": "end", "monotonic_seconds": 108246.567099791}
{"phase": "index", "event": "begin", "monotonic_seconds": 108246.567107583}
{"phase": "index", "event": "end", "monotonic_seconds": 108246.56837775}
{"phase": "coverage_validation", "event": "begin", "monotonic_seconds": 108246.568391833}
{"phase": "coverage_validation", "event": "end", "monotonic_seconds": 108246.568685666}
{"phase": "queries", "event": "begin", "monotonic_seconds": 108246.568695083}
{"phase": "queries", "event": "end", "monotonic_seconds": 108246.568926333}
{"phase": "budget_refusal", "event": "begin", "monotonic_seconds": 108246.568935875}
{"phase": "budget_refusal", "event": "end", "monotonic_seconds": 108246.568959875}
.{"phase": "fixture_create", "event": "begin", "monotonic_seconds": 108246.575196166}
{"phase": "fixture_create", "event": "end", "monotonic_seconds": 108246.580904208}
{"phase": "scope_registration", "event": "begin", "monotonic_seconds": 108246.58092625}
{"phase": "scope_registration", "event": "end", "monotonic_seconds": 108246.580951791}
{"phase": "index", "event": "begin", "monotonic_seconds": 108246.580958666}
{"phase": "index", "event": "end", "monotonic_seconds": 108246.582075666}
{"phase": "coverage_validation", "event": "begin", "monotonic_seconds": 108246.582094916}
{"phase": "coverage_validation", "event": "end", "monotonic_seconds": 108246.582355541}
{"phase": "queries", "event": "begin", "monotonic_seconds": 108246.582365125}
{"phase": "queries", "event": "end", "monotonic_seconds": 108246.582671541}
{"phase": "budget_refusal", "event": "begin", "monotonic_seconds": 108246.582688333}
{"phase": "budget_refusal", "event": "end", "monotonic_seconds": 108246.582722166}
{"phase": "fixture_create", "event": "begin", "monotonic_seconds": 108246.588924916}
{"phase": "fixture_create", "event": "end", "monotonic_seconds": 108246.594757166}
{"phase": "scope_registration", "event": "begin", "monotonic_seconds": 108246.594788958}
{"phase": "scope_registration", "event": "end", "monotonic_seconds": 108246.594819083}
{"phase": "index", "event": "begin", "monotonic_seconds": 108246.594826291}
{"phase": "index", "event": "end", "monotonic_seconds": 108246.596043958}
{"phase": "coverage_validation", "event": "begin", "monotonic_seconds": 108246.596056458}
{"phase": "coverage_validation", "event": "end", "monotonic_seconds": 108246.596288833}
{"phase": "queries", "event": "begin", "monotonic_seconds": 108246.596298833}
{"phase": "queries", "event": "end", "monotonic_seconds": 108246.59652575}
{"phase": "budget_refusal", "event": "begin", "monotonic_seconds": 108246.596535583}
{"phase": "budget_refusal", "event": "end", "monotonic_seconds": 108246.596556458}
{"phase": "fixture_create", "event": "begin", "monotonic_seconds": 108246.602044708}
{"phase": "fixture_create", "event": "end", "monotonic_seconds": 108246.610434791}
{"phase": "scope_registration", "event": "begin", "monotonic_seconds": 108246.610454666}
{"phase": "scope_registration", "event": "end", "monotonic_seconds": 108246.610482916}
{"phase": "index", "event": "begin", "monotonic_seconds": 108246.6104895}
{"phase": "index", "event": "end", "monotonic_seconds": 108246.61153225}
{"phase": "coverage_validation", "event": "begin", "monotonic_seconds": 108246.611569083}
{"phase": "coverage_validation", "event": "end", "monotonic_seconds": 108246.61247}
{"phase": "queries", "event": "begin", "monotonic_seconds": 108246.612515875}
{"phase": "queries", "event": "end", "monotonic_seconds": 108246.6130055}
{"phase": "budget_refusal", "event": "begin", "monotonic_seconds": 108246.613033875}
{"phase": "budget_refusal", "event": "end", "monotonic_seconds": 108246.613075833}
.{"phase": "fixture_create", "event": "begin", "monotonic_seconds": 108246.618087333}
{"phase": "fixture_create", "event": "end", "monotonic_seconds": 108246.623058416}
{"phase": "scope_registration", "event": "begin", "monotonic_seconds": 108246.6230785}
{"phase": "scope_registration", "event": "end", "monotonic_seconds": 108246.623107416}
{"phase": "index", "event": "begin", "monotonic_seconds": 108246.6231145}
{"phase": "index", "event": "end", "monotonic_seconds": 108246.624332166}
{"phase": "coverage_validation", "event": "begin", "monotonic_seconds": 108246.62434575}
{"phase": "coverage_validation", "event": "end", "monotonic_seconds": 108246.624614583}
{"phase": "queries", "event": "begin", "monotonic_seconds": 108246.62462425}
{"phase": "queries", "event": "end", "monotonic_seconds": 108246.624909083}
{"phase": "budget_refusal", "event": "begin", "monotonic_seconds": 108246.624918875}
{"phase": "budget_refusal", "event": "end", "monotonic_seconds": 108246.624941125}
.{"phase": "fixture_create", "event": "begin", "monotonic_seconds": 108246.630385083}
{"phase": "fixture_create", "event": "end", "monotonic_seconds": 108246.635069875}
{"phase": "scope_registration", "event": "begin", "monotonic_seconds": 108246.63509325}
{"phase": "scope_registration", "event": "end", "monotonic_seconds": 108246.635124958}
{"phase": "index", "event": "begin", "monotonic_seconds": 108246.635131333}
{"phase": "index", "event": "end", "monotonic_seconds": 108246.636414875}
{"phase": "coverage_validation", "event": "begin", "monotonic_seconds": 108246.63643275}
{"phase": "coverage_validation", "event": "end", "monotonic_seconds": 108246.636680083}
{"phase": "queries", "event": "begin", "monotonic_seconds": 108246.636688208}
{"phase": "queries", "event": "end", "monotonic_seconds": 108246.63691425}
{"phase": "budget_refusal", "event": "begin", "monotonic_seconds": 108246.636927708}
{"phase": "budget_refusal", "event": "end", "monotonic_seconds": 108246.636956083}
.........
----------------------------------------------------------------------
Ran 14 tests in 0.226s

OK
