{"phase": "fixture_create", "event": "begin", "monotonic_seconds": 1163.1611044}
{"phase": "fixture_create", "event": "end", "monotonic_seconds": 1339.69994}
{"phase": "scope_registration", "event": "begin", "monotonic_seconds": 1339.7000059}
{"phase": "scope_registration", "event": "end", "monotonic_seconds": 1340.2054251}
{"phase": "index", "event": "begin", "monotonic_seconds": 1340.2054779}
Traceback (most recent call last):
  File "D:\a\diskgraph\diskgraph\scripts\windows_acceptance_job.py", line 199, in <module>
    main()
    ~~~~^^
  File "D:\a\diskgraph\diskgraph\scripts\windows_acceptance_job.py", line 195, in main
    runpy.run_path(script, run_name='__main__')
    ~~~~~~~~~~~~~~^^^^^^^^^^^^^^^^^^^^^^^^^^^^^
  File "<frozen runpy>", line 294, in run_path
  File "<frozen runpy>", line 98, in _run_module_code
  File "<frozen runpy>", line 88, in _run_code
  File "D:\a\diskgraph\diskgraph\scripts\accept-readonly-load.py", line 207, in <module>
    raise SystemExit(main())
                     ~~~~^^
  File "D:\a\diskgraph\diskgraph\scripts\accept-readonly-load.py", line 118, in main
    indexed = invoke(cli, data, "index", "--scope", scope, "--wait")
  File "D:\a\diskgraph\diskgraph\scripts\accept-readonly-load.py", line 28, in invoke
    result = subprocess.run(
        [cli, "--data-dir", data, "--json", *arguments],
        capture_output=True, text=True, timeout=timeout,
    )
  File "C:\hostedtoolcache\windows\Python\3.13.16\x64\Lib\subprocess.py", line 557, in run
    stdout, stderr = process.communicate(input, timeout=timeout)
                     ~~~~~~~~~~~~~~~~~~~^^^^^^^^^^^^^^^^^^^^^^^^
  File "C:\hostedtoolcache\windows\Python\3.13.16\x64\Lib\subprocess.py", line 1223, in communicate
    stdout, stderr = self._communicate(input, endtime, timeout)
                     ~~~~~~~~~~~~~~~~~^^^^^^^^^^^^^^^^^^^^^^^^^
  File "C:\hostedtoolcache\windows\Python\3.13.16\x64\Lib\subprocess.py", line 1666, in _communicate
    raise TimeoutExpired(self.args, orig_timeout)
subprocess.TimeoutExpired: Command '[WindowsPath('D:/a/diskgraph/diskgraph/target/x86_64-pc-windows-msvc/release/diskgraph.exe'), '--data-dir', WindowsPath('C:/Users/RUNNER~1/AppData/Local/Temp/diskgraph-readonly-load-nhp50mwt/data'), '--json', 'index', '--scope', 'scope-2eebb1f8-d9e4-4cc1-b84c-1266f5889ef9', '--wait']' timed out after 300 seconds
