cleanup	Verify exact native inventory and platform gate	﻿2026-10-06T03:54:59.0182175Z ##[group]Run python -m unittest discover -s scripts/tests -p test_windows_scan_cleanup_qualifier.py -v
cleanup	Verify exact native inventory and platform gate	2026-10-06T03:54:59.0183016Z ^[[36;1mpython -m unittest discover -s scripts/tests -p test_windows_scan_cleanup_qualifier.py -v^[[0m
cleanup	Verify exact native inventory and platform gate	2026-10-06T03:54:59.0256256Z shell: C:\Program Files\PowerShell\7\pwsh.EXE -command ". '{0}'"
cleanup	Verify exact native inventory and platform gate	2026-10-06T03:54:59.0256609Z env:
cleanup	Verify exact native inventory and platform gate	2026-10-06T03:54:59.0256808Z   CARGO_HOME: C:\Users\runneradmin\.cargo
cleanup	Verify exact native inventory and platform gate	2026-10-06T03:54:59.0257067Z   CARGO_INCREMENTAL: 0
cleanup	Verify exact native inventory and platform gate	2026-10-06T03:54:59.0257265Z   CARGO_TERM_COLOR: always
cleanup	Verify exact native inventory and platform gate	2026-10-06T03:54:59.0257576Z   pythonLocation: C:\hostedtoolcache\windows\Python\3.13.15\x64
cleanup	Verify exact native inventory and platform gate	2026-10-06T03:54:59.0258049Z   PKG_CONFIG_PATH: C:\hostedtoolcache\windows\Python\3.13.15\x64/lib/pkgconfig
cleanup	Verify exact native inventory and platform gate	2026-10-06T03:54:59.0258591Z   Python_ROOT_DIR: C:\hostedtoolcache\windows\Python\3.13.15\x64
cleanup	Verify exact native inventory and platform gate	2026-10-06T03:54:59.0259001Z   Python2_ROOT_DIR: C:\hostedtoolcache\windows\Python\3.13.15\x64
cleanup	Verify exact native inventory and platform gate	2026-10-06T03:54:59.0259425Z   Python3_ROOT_DIR: C:\hostedtoolcache\windows\Python\3.13.15\x64
cleanup	Verify exact native inventory and platform gate	2026-10-06T03:54:59.0259800Z ##[endgroup]
cleanup	Verify exact native inventory and platform gate	2026-10-06T03:54:59.4046913Z test_only_actual_expired_cleanup_boundary_is_red (test_windows_scan_cleanup_qualifier.ExpiredProbeBaselineGuardTests.test_only_actual_expired_cleanup_boundary_is_red) ... ok
cleanup	Verify exact native inventory and platform gate	2026-10-06T03:54:59.4049800Z test_requires_all_original_priority_and_independent_request_cases (test_windows_scan_cleanup_qualifier.FencePriorityInventoryTests.test_requires_all_original_priority_and_independent_request_cases) ... ok
cleanup	Verify exact native inventory and platform gate	2026-10-06T03:55:12.3005824Z test_baseline_build_uses_complete_historical_workspace_without_mutating_product (test_windows_scan_cleanup_qualifier.PreparedBirthBaselineArchiveTests.test_baseline_build_uses_complete_historical_workspace_without_mutating_product) ... 
cleanup	Verify exact native inventory and platform gate	2026-10-06T03:55:12.3008730Z   test_baseline_build_uses_complete_historical_workspace_without_mutating_product (test_windows_scan_cleanup_qualifier.PreparedBirthBaselineArchiveTests.test_baseline_build_uses_complete_historical_workspace_without_mutating_product) (candidate=WindowsPath('crates/diskgraph-engine/integration_candidates/windows_prepared_birth_baseline')) ... FAIL
cleanup	Verify exact native inventory and platform gate	2026-10-06T03:55:21.8812547Z   test_baseline_build_uses_complete_historical_workspace_without_mutating_product (test_windows_scan_cleanup_qualifier.PreparedBirthBaselineArchiveTests.test_baseline_build_uses_complete_historical_workspace_without_mutating_product) (candidate=WindowsPath('crates/diskgraph-engine/integration_candidates/windows_cleanup')) ... FAIL
cleanup	Verify exact native inventory and platform gate	2026-10-06T03:55:32.0569395Z   test_baseline_build_uses_complete_historical_workspace_without_mutating_product (test_windows_scan_cleanup_qualifier.PreparedBirthBaselineArchiveTests.test_baseline_build_uses_complete_historical_workspace_without_mutating_product) (candidate=WindowsPath('crates/diskgraph-engine/integration_candidates/windows_cleanup_baseline')) ... FAIL
cleanup	Verify exact native inventory and platform gate	2026-10-06T03:55:33.4517773Z test_baseline_mounts_exact_original_sources_with_native_regression (test_windows_scan_cleanup_qualifier.PreparedBirthBaselineArchiveTests.test_baseline_mounts_exact_original_sources_with_native_regression) ... ok
cleanup	Verify exact native inventory and platform gate	2026-10-06T03:55:33.4520862Z test_only_original_lost_owner_failure_is_target_red (test_windows_scan_cleanup_qualifier.PreparedBirthBaselineGuardTests.test_only_original_lost_owner_failure_is_target_red) ... ok
cleanup	Verify exact native inventory and platform gate	2026-10-06T03:55:33.4523516Z test_native_marker_may_interleave_with_named_test_line (test_windows_scan_cleanup_qualifier.PreparedBirthInterleavedOutputTests.test_native_marker_may_interleave_with_named_test_line) ... ok
cleanup	Verify exact native inventory and platform gate	2026-10-06T03:55:33.4526303Z test_actual_connect_inventory_rejects_missing_duplicate_and_substitute (test_windows_scan_cleanup_qualifier.PreparedConnectInventoryTests.test_actual_connect_inventory_rejects_missing_duplicate_and_substitute) ... ok
cleanup	Verify exact native inventory and platform gate	2026-10-06T03:55:33.4531861Z test_prepared_job_requires_original_io_capacity_and_actual_create_failure (test_windows_scan_cleanup_qualifier.PreparedJobInventoryTests.test_prepared_job_requires_original_io_capacity_and_actual_create_failure) ... ok
cleanup	Verify exact native inventory and platform gate	2026-10-06T03:55:33.4537385Z test_atomic_root_cases_require_real_git_and_junction_controls (test_windows_scan_cleanup_qualifier.WindowsCleanupQualifierTests.test_atomic_root_cases_require_real_git_and_junction_controls) ... ok
cleanup	Verify exact native inventory and platform gate	2026-10-06T03:55:33.4539790Z test_birth_owner_cases_cannot_be_omitted (test_windows_scan_cleanup_qualifier.WindowsCleanupQualifierTests.test_birth_owner_cases_cannot_be_omitted) ... ok
cleanup	Verify exact native inventory and platform gate	2026-10-06T03:55:33.4542240Z test_exact_native_inventory_rejects_zero_duplicate_or_extra_cases (test_windows_scan_cleanup_qualifier.WindowsCleanupQualifierTests.test_exact_native_inventory_rejects_zero_duplicate_or_extra_cases) ... ok
cleanup	Verify exact native inventory and platform gate	2026-10-06T03:55:33.4544894Z test_managed_probe_cases_cannot_be_omitted_or_replaced (test_windows_scan_cleanup_qualifier.WindowsCleanupQualifierTests.test_managed_probe_cases_cannot_be_omitted_or_replaced) ... ok
cleanup	Verify exact native inventory and platform gate	2026-10-06T03:55:33.4547381Z test_missing_name_cases_cannot_be_omitted_or_replaced (test_windows_scan_cleanup_qualifier.WindowsCleanupQualifierTests.test_missing_name_cases_cannot_be_omitted_or_replaced) ... ok
cleanup	Verify exact native inventory and platform gate	2026-10-06T03:55:34.1392057Z test_original_baseline_preserves_frozen_sources_and_case_inventory (test_windows_scan_cleanup_qualifier.WindowsCleanupQualifierTests.test_original_baseline_preserves_frozen_sources_and_case_inventory) ... ok
cleanup	Verify exact native inventory and platform gate	2026-10-06T03:55:34.1394481Z test_platform_gate_refuses_local_mac_and_non_ci_windows (test_windows_scan_cleanup_qualifier.WindowsCleanupQualifierTests.test_platform_gate_refuses_local_mac_and_non_ci_windows) ... ok
cleanup	Verify exact native inventory and platform gate	2026-10-06T03:55:34.1396373Z test_poll_cleanup_inventory_requires_all_five_real_owner_cases (test_windows_scan_cleanup_qualifier.WindowsCleanupQualifierTests.test_poll_cleanup_inventory_requires_all_five_real_owner_cases) ... ok
cleanup	Verify exact native inventory and platform gate	2026-10-06T03:55:34.1398383Z test_private_directory_prerequisite_and_order_cannot_be_omitted (test_windows_scan_cleanup_qualifier.WindowsCleanupQualifierTests.test_private_directory_prerequisite_and_order_cannot_be_omitted) ... ok
cleanup	Verify exact native inventory and platform gate	2026-10-06T03:55:34.8202595Z test_real_frozen_windows_sources_mount_and_match (test_windows_scan_cleanup_qualifier.WindowsCleanupQualifierTests.test_real_frozen_windows_sources_mount_and_match) ... ok
cleanup	Verify exact native inventory and platform gate	2026-10-06T03:55:34.8205640Z test_registry_deadline_inventory_requires_original_owner_and_lock_cases (test_windows_scan_cleanup_qualifier.WindowsCleanupQualifierTests.test_registry_deadline_inventory_requires_original_owner_and_lock_cases) ... ok
cleanup	Verify exact native inventory and platform gate	2026-10-06T03:55:34.8208413Z test_resource_slot_cases_cannot_be_omitted_or_substituted (test_windows_scan_cleanup_qualifier.WindowsCleanupQualifierTests.test_resource_slot_cases_cannot_be_omitted_or_substituted) ... ok
cleanup	Verify exact native inventory and platform gate	2026-10-06T03:55:34.8210844Z test_runner_lifecycle_inventory_cannot_be_omitted (test_windows_scan_cleanup_qualifier.WindowsCleanupQualifierTests.test_runner_lifecycle_inventory_cannot_be_omitted) ... ok
cleanup	Verify exact native inventory and platform gate	2026-10-06T03:55:34.8213145Z test_transfer_prerequisites_cannot_be_missing_or_replaced (test_windows_scan_cleanup_qualifier.WindowsCleanupQualifierTests.test_transfer_prerequisites_cannot_be_missing_or_replaced) ... ok
cleanup	Verify exact native inventory and platform gate	2026-10-06T03:55:34.8214439Z 
cleanup	Verify exact native inventory and platform gate	2026-10-06T03:55:34.8214622Z ======================================================================
cleanup	Verify exact native inventory and platform gate	2026-10-06T03:55:34.8217029Z FAIL: test_baseline_build_uses_complete_historical_workspace_without_mutating_product (test_windows_scan_cleanup_qualifier.PreparedBirthBaselineArchiveTests.test_baseline_build_uses_complete_historical_workspace_without_mutating_product) (candidate=WindowsPath('crates/diskgraph-engine/integration_candidates/windows_prepared_birth_baseline'))
cleanup	Verify exact native inventory and platform gate	2026-10-06T03:55:34.8219860Z ----------------------------------------------------------------------
cleanup	Verify exact native inventory and platform gate	2026-10-06T03:55:34.8221430Z Traceback (most recent call last):
cleanup	Verify exact native inventory and platform gate	2026-10-06T03:55:34.8228341Z   File "D:\a\diskgraph\diskgraph\scripts\tests\test_windows_scan_cleanup_qualifier.py", line 222, in test_baseline_build_uses_complete_historical_workspace_without_mutating_product
cleanup	Verify exact native inventory and platform gate	2026-10-06T03:55:34.8229835Z     self.assertEqual((source / "crates/diskgraph-cli/Cargo.toml").read_bytes(), original)
cleanup	Verify exact native inventory and platform gate	2026-10-06T03:55:34.8230580Z     ~~~~~~~~~~~~~~~~^^^^^^^^^^^^^^^^^^^^^^^^^^^^^^^^^^^^^^^^^^^^^^^^^^^^^^^^^^^^^^^^^^^^^
cleanup	Verify exact native inventory and platform gate	2026-10-06T03:55:34.8232901Z AssertionError: b'[package]\r\nreadme = "README.md"\r\nname = "diskgr[875 chars]\r\n' != b'[package]\nreadme = "README.md"\nname = "diskgraph-[817 chars] }\n'
cleanup	Verify exact native inventory and platform gate	2026-10-06T03:55:34.8249016Z 
cleanup	Verify exact native inventory and platform gate	2026-10-06T03:55:34.8249239Z ======================================================================
cleanup	Verify exact native inventory and platform gate	2026-10-06T03:55:34.8251450Z FAIL: test_baseline_build_uses_complete_historical_workspace_without_mutating_product (test_windows_scan_cleanup_qualifier.PreparedBirthBaselineArchiveTests.test_baseline_build_uses_complete_historical_workspace_without_mutating_product) (candidate=WindowsPath('crates/diskgraph-engine/integration_candidates/windows_cleanup'))
cleanup	Verify exact native inventory and platform gate	2026-10-06T03:55:34.8253007Z ----------------------------------------------------------------------
cleanup	Verify exact native inventory and platform gate	2026-10-06T03:55:34.8253371Z Traceback (most recent call last):
cleanup	Verify exact native inventory and platform gate	2026-10-06T03:55:34.8254244Z   File "D:\a\diskgraph\diskgraph\scripts\tests\test_windows_scan_cleanup_qualifier.py", line 222, in test_baseline_build_uses_complete_historical_workspace_without_mutating_product
cleanup	Verify exact native inventory and platform gate	2026-10-06T03:55:34.8255216Z     self.assertEqual((source / "crates/diskgraph-cli/Cargo.toml").read_bytes(), original)
cleanup	Verify exact native inventory and platform gate	2026-10-06T03:55:34.8256147Z     ~~~~~~~~~~~~~~~~^^^^^^^^^^^^^^^^^^^^^^^^^^^^^^^^^^^^^^^^^^^^^^^^^^^^^^^^^^^^^^^^^^^^^
cleanup	Verify exact native inventory and platform gate	2026-10-06T03:55:34.8256881Z AssertionError: b'[package]\r\nreadme = "README.md"\r\nname = "diskgr[875 chars]\r\n' != b'[package]\nreadme = "README.md"\nname = "diskgraph-[817 chars] }\n'
cleanup	Verify exact native inventory and platform gate	2026-10-06T03:55:34.8257465Z 
cleanup	Verify exact native inventory and platform gate	2026-10-06T03:55:34.8257581Z ======================================================================
cleanup	Verify exact native inventory and platform gate	2026-10-06T03:55:34.8259079Z FAIL: test_baseline_build_uses_complete_historical_workspace_without_mutating_product (test_windows_scan_cleanup_qualifier.PreparedBirthBaselineArchiveTests.test_baseline_build_uses_complete_historical_workspace_without_mutating_product) (candidate=WindowsPath('crates/diskgraph-engine/integration_candidates/windows_cleanup_baseline'))
cleanup	Verify exact native inventory and platform gate	2026-10-06T03:55:34.8260612Z ----------------------------------------------------------------------
cleanup	Verify exact native inventory and platform gate	2026-10-06T03:55:34.8260943Z Traceback (most recent call last):
cleanup	Verify exact native inventory and platform gate	2026-10-06T03:55:34.8261719Z   File "D:\a\diskgraph\diskgraph\scripts\tests\test_windows_scan_cleanup_qualifier.py", line 222, in test_baseline_build_uses_complete_historical_workspace_without_mutating_product
cleanup	Verify exact native inventory and platform gate	2026-10-06T03:55:34.8262593Z     self.assertEqual((source / "crates/diskgraph-cli/Cargo.toml").read_bytes(), original)
cleanup	Verify exact native inventory and platform gate	2026-10-06T03:55:34.8263053Z     ~~~~~~~~~~~~~~~~^^^^^^^^^^^^^^^^^^^^^^^^^^^^^^^^^^^^^^^^^^^^^^^^^^^^^^^^^^^^^^^^^^^^^
cleanup	Verify exact native inventory and platform gate	2026-10-06T03:55:34.8263706Z AssertionError: b'[package]\r\nreadme = "README.md"\r\nname = "diskgr[875 chars]\r\n' != b'[package]\nreadme = "README.md"\nname = "diskgraph-[817 chars] }\n'
cleanup	Verify exact native inventory and platform gate	2026-10-06T03:55:34.8264232Z 
cleanup	Verify exact native inventory and platform gate	2026-10-06T03:55:34.8264360Z ----------------------------------------------------------------------
cleanup	Verify exact native inventory and platform gate	2026-10-06T03:55:34.8264675Z Ran 22 tests in 35.419s
cleanup	Verify exact native inventory and platform gate	2026-10-06T03:55:34.8264837Z 
cleanup	Verify exact native inventory and platform gate	2026-10-06T03:55:34.8264916Z FAILED (failures=3)
cleanup	Verify exact native inventory and platform gate	2026-10-06T03:55:34.9306054Z ##[error]Process completed with exit code 1.
