note: did not finalize incremental compilation session directory `\\?\E:\workspaces\workspace-loong10k\diskgraph\target\debug\incremental\diskgraph_store-2a5tydf0rxr7n\s-hn1smk0f72-18kq3mz-working`: 拒绝访问。 (os error 5)
  |
  = help: the next build will not be able to reuse work from this compilation

   Compiling diskgraph-engine v0.3.0 (E:\workspaces\workspace-loong10k\diskgraph\crates\diskgraph-engine)
    Finished `test` profile [unoptimized + debuginfo] target(s) in 57.42s
     Running unittests src\lib.rs (target\debug\deps\diskgraph_engine-b5c26177182b5b51.exe)

running 14 tests
test windows_native_scan_tests::same_handle_change_between_captures_is_not_confirmed ... ok
test windows_native_scan_tests::native_state_checks_between_each_query_and_preserves_caller_error ... ok
test windows_native_scan_tests::cancellation_deadline_authorization_and_fence_errors_are_not_gap_labels ... ok
test windows_native_scan_tests::root_binding_tests::renamed_and_rebound_registered_root_is_conflict ... ok
test windows_native_scan_tests::relative_planning_rejects_outside_root_dot_ads_namespace_and_case_guessing ... ok
test windows_native_scan_tests::root_binding_tests::preencoded_component_keeps_identity_and_rejects_invalid_names ... ok
filesystem enforced stronger rename exclusion while lease is held: test windows_native_scan_tests::native_scan_observes_root_directory_file_and_drive_root ... ok
test windows_native_scan_tests::root_binding_tests::held_root_allows_directory_time_change_without_replacement ... ok
test windows_native_scan_tests::native_hardlinks_keep_full_identity_and_replacement_is_tree_mismatch ... ok
拒绝访问。 (os error 5)
test windows_native_scan_tests::native_alignment_refuses_type_size_and_unknown_size_assumptions ... ok
test windows_native_scan_tests::root_binding_tests::renamed_and_rebound_ancestor_is_conflict ... ok
test windows_native_scan_tests::root_binding_tests::repeated_observations_parse_only_the_requested_path ... ok
test windows_native_scan_tests::junction_leaf_is_observed_without_following_and_parent_junction_is_rejected ... ok
test windows_native_scan_tests::attribute_observation_does_not_require_read_data_permission ... ok

test result: ok. 14 passed; 0 failed; 0 ignored; 0 measured; 729 filtered out; finished in 0.70s

