   Compiling find-msvc-tools v0.1.14
   Compiling shlex v2.0.1
   Compiling autocfg v1.5.1
   Compiling windows-result v0.4.1
   Compiling windows-strings v0.5.1
   Compiling windows-threading v0.2.1
   Compiling windows-sys v0.61.2
   Compiling log v0.4.34
   Compiling scopeguard v1.2.0
   Compiling rustc-hash v2.1.3
   Compiling diskgraph-scan-worker v0.3.0 (E:\workspaces\workspace-loong10k\diskgraph\crates\diskgraph-scan-worker)
   Compiling syn v2.0.119
   Compiling hex v0.4.3
   Compiling sha1 v0.10.7
   Compiling num-traits v0.2.19
   Compiling cc v1.5.1
   Compiling libsqlite3-sys v0.38.2
   Compiling diskgraph-engine v0.3.0 (E:\workspaces\workspace-loong10k\diskgraph\crates\diskgraph-engine)
   Compiling windows-implement v0.60.2
   Compiling windows-interface v0.59.3
   Compiling chrono v0.4.45
   Compiling windows-core v0.62.2
   Compiling windows-future v0.3.2
   Compiling windows-numerics v0.3.1
   Compiling windows-collections v0.3.2
   Compiling winapi-util v0.1.11
   Compiling tempfile v3.27.0
   Compiling windows v0.62.2
   Compiling diskgraph-testkit v0.3.0 (E:\workspaces\workspace-loong10k\diskgraph\crates\diskgraph-testkit)
   Compiling rusqlite v0.40.2
   Compiling diskgraph-store v0.3.0 (E:\workspaces\workspace-loong10k\diskgraph\crates\diskgraph-store)
note: did not finalize incremental compilation session directory `\\?\E:\workspaces\workspace-loong10k\diskgraph\target\debug\incremental\diskgraph_store-2a5tydf0rxr7n\s-hn1smk0f72-18kq3mz-working`: 拒绝访问。 (os error 5)
  |
  = help: the next build will not be able to reuse work from this compilation

   Compiling trash v5.2.9
   Compiling diskgraph-disktree-core v0.3.0 (E:\workspaces\workspace-loong10k\diskgraph\crates\diskgraph-disktree-core)
   Compiling diskgraph-disktree v0.3.0 (E:\workspaces\workspace-loong10k\diskgraph\crates\diskgraph-disktree)
    Finished `test` profile [unoptimized + debuginfo] target(s) in 1m 15s
     Running unittests src\lib.rs (target\debug\deps\diskgraph_engine-b5c26177182b5b51.exe)

running 1 test

thread 'windows_native_scan_tests::root_binding_tests::repeated_observations_parse_only_the_requested_path' (66480) panicked at crates\diskgraph-engine\src\windows_native_scan_tests\root_binding_tests.rs:34:5:
assertion `left == right` failed: fixed registered root must not be re-parsed for every node
  left: 40
 right: 20
note: run with `RUST_BACKTRACE=1` environment variable to display a backtrace
test windows_native_scan_tests::root_binding_tests::repeated_observations_parse_only_the_requested_path ... FAILED

failures:

failures:
    windows_native_scan_tests::root_binding_tests::repeated_observations_parse_only_the_requested_path

test result: FAILED. 0 passed; 1 failed; 0 ignored; 0 measured; 742 filtered out; finished in 0.13s

error: test failed, to rerun pass `-p diskgraph-engine --lib`
