{"phase": "fixture_create", "event": "begin", "monotonic_seconds": 743.3250493}
{"phase": "fixture_create", "event": "end", "monotonic_seconds": 956.7448649}
{"phase": "scope_registration", "event": "begin", "monotonic_seconds": 956.744925}
{"phase": "scope_registration", "event": "end", "monotonic_seconds": 957.2486395}
{"phase": "index", "event": "begin", "monotonic_seconds": 957.248692}
{"scan_phase": "worker_begin", "nodes": 0, "elapsed_ms": 1}
{"scan_phase": "worker_complete", "nodes": 0, "elapsed_ms": 15317}
{"scan_phase": "conversion_complete", "nodes": 200001, "elapsed_ms": 20093}
{"scan_phase": "staging_batch_complete", "nodes": 200001, "elapsed_ms": 123610}
{"scan_phase": "staging_complete", "nodes": 200001, "elapsed_ms": 123610}
{"scan_phase": "publication_begin", "nodes": 200001, "elapsed_ms": 123703}
{"scan_phase": "publication_complete", "nodes": 200001, "elapsed_ms": 157083}
{"phase": "index", "event": "end", "monotonic_seconds": 1114.564989}
{"phase": "coverage_validation", "event": "begin", "monotonic_seconds": 1114.5650235}
{"phase": "coverage_validation", "event": "end", "monotonic_seconds": 1114.8767754}
{"phase": "queries", "event": "begin", "monotonic_seconds": 1114.8768439}
{"phase": "queries", "event": "end", "monotonic_seconds": 1115.1503079}
{"phase": "budget_refusal", "event": "begin", "monotonic_seconds": 1115.1503554}
{"scan_phase": "worker_begin", "nodes": 0, "elapsed_ms": 1}
{"phase": "budget_refusal", "event": "end", "monotonic_seconds": 1118.3005151}
