test_only_actual_expired_cleanup_boundary_is_red (test_windows_scan_cleanup_qualifier.ExpiredProbeBaselineGuardTests.test_only_actual_expired_cleanup_boundary_is_red) ... ok
test_requires_all_original_priority_and_independent_request_cases (test_windows_scan_cleanup_qualifier.FencePriorityInventoryTests.test_requires_all_original_priority_and_independent_request_cases) ... ok
test_baseline_build_uses_complete_historical_workspace_without_mutating_product (test_windows_scan_cleanup_qualifier.PreparedBirthBaselineArchiveTests.test_baseline_build_uses_complete_historical_workspace_without_mutating_product) ... 
  test_baseline_build_uses_complete_historical_workspace_without_mutating_product (test_windows_scan_cleanup_qualifier.PreparedBirthBaselineArchiveTests.test_baseline_build_uses_complete_historical_workspace_without_mutating_product) (candidate=PosixPath('crates/diskgraph-engine/integration_candidates/windows_prepared_birth_baseline')) ... ERROR
test_baseline_build_uses_complete_historical_workspace_without_mutating_product (test_windows_scan_cleanup_qualifier.PreparedBirthBaselineArchiveTests.test_baseline_build_uses_complete_historical_workspace_without_mutating_product) ... ERROR
test_baseline_mounts_exact_original_sources_with_native_regression (test_windows_scan_cleanup_qualifier.PreparedBirthBaselineArchiveTests.test_baseline_mounts_exact_original_sources_with_native_regression) ... ok
test_only_original_lost_owner_failure_is_target_red (test_windows_scan_cleanup_qualifier.PreparedBirthBaselineGuardTests.test_only_original_lost_owner_failure_is_target_red) ... ok
test_native_marker_may_interleave_with_named_test_line (test_windows_scan_cleanup_qualifier.PreparedBirthInterleavedOutputTests.test_native_marker_may_interleave_with_named_test_line) ... ok
test_actual_connect_inventory_rejects_missing_duplicate_and_substitute (test_windows_scan_cleanup_qualifier.PreparedConnectInventoryTests.test_actual_connect_inventory_rejects_missing_duplicate_and_substitute) ... ok
test_prepared_job_requires_original_io_capacity_and_actual_create_failure (test_windows_scan_cleanup_qualifier.PreparedJobInventoryTests.test_prepared_job_requires_original_io_capacity_and_actual_create_failure) ... ok
test_atomic_root_cases_require_real_git_and_junction_controls (test_windows_scan_cleanup_qualifier.WindowsCleanupQualifierTests.test_atomic_root_cases_require_real_git_and_junction_controls) ... ok
test_birth_owner_cases_cannot_be_omitted (test_windows_scan_cleanup_qualifier.WindowsCleanupQualifierTests.test_birth_owner_cases_cannot_be_omitted) ... ok
test_exact_native_inventory_rejects_zero_duplicate_or_extra_cases (test_windows_scan_cleanup_qualifier.WindowsCleanupQualifierTests.test_exact_native_inventory_rejects_zero_duplicate_or_extra_cases) ... ok
test_managed_probe_cases_cannot_be_omitted_or_replaced (test_windows_scan_cleanup_qualifier.WindowsCleanupQualifierTests.test_managed_probe_cases_cannot_be_omitted_or_replaced) ... ok
test_missing_name_cases_cannot_be_omitted_or_replaced (test_windows_scan_cleanup_qualifier.WindowsCleanupQualifierTests.test_missing_name_cases_cannot_be_omitted_or_replaced) ... ok
test_original_baseline_preserves_frozen_sources_and_case_inventory (test_windows_scan_cleanup_qualifier.WindowsCleanupQualifierTests.test_original_baseline_preserves_frozen_sources_and_case_inventory) ... ok
test_platform_gate_refuses_local_mac_and_non_ci_windows (test_windows_scan_cleanup_qualifier.WindowsCleanupQualifierTests.test_platform_gate_refuses_local_mac_and_non_ci_windows) ... ok
test_poll_cleanup_inventory_requires_all_five_real_owner_cases (test_windows_scan_cleanup_qualifier.WindowsCleanupQualifierTests.test_poll_cleanup_inventory_requires_all_five_real_owner_cases) ... ok
test_private_directory_prerequisite_and_order_cannot_be_omitted (test_windows_scan_cleanup_qualifier.WindowsCleanupQualifierTests.test_private_directory_prerequisite_and_order_cannot_be_omitted) ... ok
test_real_frozen_windows_sources_mount_and_match (test_windows_scan_cleanup_qualifier.WindowsCleanupQualifierTests.test_real_frozen_windows_sources_mount_and_match) ... ok
test_registry_deadline_inventory_requires_original_owner_and_lock_cases (test_windows_scan_cleanup_qualifier.WindowsCleanupQualifierTests.test_registry_deadline_inventory_requires_original_owner_and_lock_cases) ... ok
test_resource_slot_cases_cannot_be_omitted_or_substituted (test_windows_scan_cleanup_qualifier.WindowsCleanupQualifierTests.test_resource_slot_cases_cannot_be_omitted_or_substituted) ... ok
test_runner_lifecycle_inventory_cannot_be_omitted (test_windows_scan_cleanup_qualifier.WindowsCleanupQualifierTests.test_runner_lifecycle_inventory_cannot_be_omitted) ... ok
test_transfer_prerequisites_cannot_be_missing_or_replaced (test_windows_scan_cleanup_qualifier.WindowsCleanupQualifierTests.test_transfer_prerequisites_cannot_be_missing_or_replaced) ... ok

======================================================================
ERROR: test_baseline_build_uses_complete_historical_workspace_without_mutating_product (test_windows_scan_cleanup_qualifier.PreparedBirthBaselineArchiveTests.test_baseline_build_uses_complete_historical_workspace_without_mutating_product) (candidate=PosixPath('crates/diskgraph-engine/integration_candidates/windows_prepared_birth_baseline'))
----------------------------------------------------------------------
Traceback (most recent call last):
  File "/Users/wandl/workspaces/workspace-loong10k/diskgraph/scripts/tests/test_windows_scan_cleanup_qualifier.py", line 217, in test_baseline_build_uses_complete_historical_workspace_without_mutating_product
    with self.subTest(candidate=candidate), baseline.isolated_source(checkout, candidate) as (source, manifest):
                                            ~~~~~~~~~~~~~~~~~~~~~~~~^^^^^^^^^^^^^^^^^^^^^
  File "/opt/homebrew/Cellar/python@3.14/3.14.3_1/Frameworks/Python.framework/Versions/3.14/lib/python3.14/contextlib.py", line 305, in helper
    return _GeneratorContextManager(func, args, kwds)
  File "/opt/homebrew/Cellar/python@3.14/3.14.3_1/Frameworks/Python.framework/Versions/3.14/lib/python3.14/contextlib.py", line 109, in __init__
    self.gen = func(*args, **kwds)
               ~~~~^^^^^^^^^^^^^^^
TypeError: isolated_source() takes 1 positional argument but 2 were given

======================================================================
ERROR: test_baseline_build_uses_complete_historical_workspace_without_mutating_product (test_windows_scan_cleanup_qualifier.PreparedBirthBaselineArchiveTests.test_baseline_build_uses_complete_historical_workspace_without_mutating_product)
----------------------------------------------------------------------
Traceback (most recent call last):
  File "/Users/wandl/workspaces/workspace-loong10k/diskgraph/scripts/tests/test_windows_scan_cleanup_qualifier.py", line 228, in test_baseline_build_uses_complete_historical_workspace_without_mutating_product
    self.assertFalse(source.exists())
                     ^^^^^^
UnboundLocalError: cannot access local variable 'source' where it is not associated with a value

----------------------------------------------------------------------
Ran 22 tests in 0.507s

FAILED (errors=2)
